Component: Arm Compiler for Embedded 6.19 Tool: armlink [5e73cb00]

==============================================================================

Section Cross References

    startup_stm32l073xx.o(STACK) refers (Special) to heapauxi.o(.text) for __use_two_region_memory
    startup_stm32l073xx.o(HEAP) refers (Special) to heapauxi.o(.text) for __use_two_region_memory
    startup_stm32l073xx.o(RESET) refers (Special) to heapauxi.o(.text) for __use_two_region_memory
    startup_stm32l073xx.o(RESET) refers to startup_stm32l073xx.o(STACK) for __initial_sp
    startup_stm32l073xx.o(RESET) refers to startup_stm32l073xx.o(.text) for Reset_Handler
    startup_stm32l073xx.o(RESET) refers to stm32l0xx_it.o(.text.NMI_Handler) for NMI_Handler
    startup_stm32l073xx.o(RESET) refers to stm32l0xx_it.o(.text.HardFault_Handler) for HardFault_Handler
    startup_stm32l073xx.o(RESET) refers to stm32l0xx_it.o(.text.SVC_Handler) for SVC_Handler
    startup_stm32l073xx.o(RESET) refers to stm32l0xx_it.o(.text.PendSV_Handler) for PendSV_Handler
    startup_stm32l073xx.o(RESET) refers to stm32l0xx_it.o(.text.SysTick_Handler) for SysTick_Handler
    startup_stm32l073xx.o(RESET) refers to stm32l0xx_it.o(.text.TIM2_IRQHandler) for TIM2_IRQHandler
    startup_stm32l073xx.o(.text) refers (Special) to heapauxi.o(.text) for __use_two_region_memory
    startup_stm32l073xx.o(.text) refers to system_stm32l0xx.o(.text.SystemInit) for SystemInit
    startup_stm32l073xx.o(.text) refers to __main.o(!!!main) for __main
    startup_stm32l073xx.o(.text) refers to startup_stm32l073xx.o(HEAP) for Heap_Mem
    startup_stm32l073xx.o(.text) refers to startup_stm32l073xx.o(STACK) for Stack_Mem
    main.o(.text.main) refers to stm32l0xx_hal.o(.text.HAL_Init) for HAL_Init
    main.o(.text.main) refers to main.o(.text.SystemClock_Config) for SystemClock_Config
    main.o(.text.main) refers to main.o(.text.MX_GPIO_Init) for MX_GPIO_Init
    main.o(.text.main) refers to main.o(.text.MX_TIM2_Init) for MX_TIM2_Init
    main.o(.text.main) refers to main.o(.text.MX_USART2_UART_Init) for MX_USART2_UART_Init
    main.o(.text.main) refers to main.o(.text.MX_I2C1_Init) for MX_I2C1_Init
    main.o(.text.main) refers to stm32l0xx_hal_tim.o(.text.HAL_TIM_Base_Start_IT) for HAL_TIM_Base_Start_IT
    main.o(.text.main) refers to stm32l0xx_hal_tim.o(.text.HAL_TIM_IC_Start_IT) for HAL_TIM_IC_Start_IT
    main.o(.text.main) refers to main.o(.bss.htim2) for htim2
    main.o(.ARM.exidx.text.main) refers to main.o(.text.main) for [Anonymous Symbol]
    main.o(.text.SystemClock_Config) refers to rt_memclr.o(.text) for __aeabi_memclr4
    main.o(.text.SystemClock_Config) refers to stm32l0xx_hal_rcc.o(.text.HAL_RCC_OscConfig) for HAL_RCC_OscConfig
    main.o(.text.SystemClock_Config) refers to main.o(.text.Error_Handler) for Error_Handler
    main.o(.text.SystemClock_Config) refers to stm32l0xx_hal_rcc.o(.text.HAL_RCC_ClockConfig) for HAL_RCC_ClockConfig
    main.o(.text.SystemClock_Config) refers to stm32l0xx_hal_rcc_ex.o(.text.HAL_RCCEx_PeriphCLKConfig) for HAL_RCCEx_PeriphCLKConfig
    main.o(.ARM.exidx.text.SystemClock_Config) refers to main.o(.text.SystemClock_Config) for [Anonymous Symbol]
    main.o(.ARM.exidx.text.MX_GPIO_Init) refers to main.o(.text.MX_GPIO_Init) for [Anonymous Symbol]
    main.o(.text.MX_TIM2_Init) refers to stm32l0xx_hal_tim.o(.text.HAL_TIM_Base_Init) for HAL_TIM_Base_Init
    main.o(.text.MX_TIM2_Init) refers to main.o(.text.Error_Handler) for Error_Handler
    main.o(.text.MX_TIM2_Init) refers to stm32l0xx_hal_tim.o(.text.HAL_TIM_ConfigClockSource) for HAL_TIM_ConfigClockSource
    main.o(.text.MX_TIM2_Init) refers to stm32l0xx_hal_tim.o(.text.HAL_TIM_IC_Init) for HAL_TIM_IC_Init
    main.o(.text.MX_TIM2_Init) refers to stm32l0xx_hal_tim_ex.o(.text.HAL_TIMEx_MasterConfigSynchronization) for HAL_TIMEx_MasterConfigSynchronization
    main.o(.text.MX_TIM2_Init) refers to stm32l0xx_hal_tim.o(.text.HAL_TIM_IC_ConfigChannel) for HAL_TIM_IC_ConfigChannel
    main.o(.text.MX_TIM2_Init) refers to main.o(.bss.htim2) for htim2
    main.o(.ARM.exidx.text.MX_TIM2_Init) refers to main.o(.text.MX_TIM2_Init) for [Anonymous Symbol]
    main.o(.text.MX_USART2_UART_Init) refers to stm32l0xx_hal_uart.o(.text.HAL_UART_Init) for HAL_UART_Init
    main.o(.text.MX_USART2_UART_Init) refers to main.o(.text.Error_Handler) for Error_Handler
    main.o(.text.MX_USART2_UART_Init) refers to main.o(.bss.huart2) for huart2
    main.o(.ARM.exidx.text.MX_USART2_UART_Init) refers to main.o(.text.MX_USART2_UART_Init) for [Anonymous Symbol]
    main.o(.text.MX_I2C1_Init) refers to stm32l0xx_hal_i2c.o(.text.HAL_I2C_Init) for HAL_I2C_Init
    main.o(.text.MX_I2C1_Init) refers to main.o(.text.Error_Handler) for Error_Handler
    main.o(.text.MX_I2C1_Init) refers to stm32l0xx_hal_i2c_ex.o(.text.HAL_I2CEx_ConfigAnalogFilter) for HAL_I2CEx_ConfigAnalogFilter
    main.o(.text.MX_I2C1_Init) refers to stm32l0xx_hal_i2c_ex.o(.text.HAL_I2CEx_ConfigDigitalFilter) for HAL_I2CEx_ConfigDigitalFilter
[...]
    Removing stm32l0xx_hal_uart.o(.ARM.exidx.text.HAL_UART_DisableReceiverTimeout), (8 bytes).
    Removing stm32l0xx_hal_uart.o(.text.HAL_MultiProcessor_EnableMuteMode), (118 bytes).
    Removing stm32l0xx_hal_uart.o(.ARM.exidx.text.HAL_MultiProcessor_EnableMuteMode), (8 bytes).
    Removing stm32l0xx_hal_uart.o(.text.HAL_MultiProcessor_DisableMuteMode), (118 bytes).
    Removing stm32l0xx_hal_uart.o(.ARM.exidx.text.HAL_MultiProcessor_DisableMuteMode), (8 bytes).
    Removing stm32l0xx_hal_uart.o(.text.HAL_MultiProcessor_EnterMuteMode), (20 bytes).
    Removing stm32l0xx_hal_uart.o(.ARM.exidx.text.HAL_MultiProcessor_EnterMuteMode), (8 bytes).
    Removing stm32l0xx_hal_uart.o(.text.HAL_HalfDuplex_EnableTransmitter), (170 bytes).
    Removing stm32l0xx_hal_uart.o(.ARM.exidx.text.HAL_HalfDuplex_EnableTransmitter), (8 bytes).
    Removing stm32l0xx_hal_uart.o(.text.HAL_HalfDuplex_EnableReceiver), (170 bytes).
    Removing stm32l0xx_hal_uart.o(.ARM.exidx.text.HAL_HalfDuplex_EnableReceiver), (8 bytes).
    Removing stm32l0xx_hal_uart.o(.text.HAL_LIN_SendBreak), (90 bytes).
    Removing stm32l0xx_hal_uart.o(.ARM.exidx.text.HAL_LIN_SendBreak), (8 bytes).
    Removing stm32l0xx_hal_uart.o(.text.HAL_UART_GetState), (28 bytes).
    Removing stm32l0xx_hal_uart.o(.ARM.exidx.text.HAL_UART_GetState), (8 bytes).
    Removing stm32l0xx_hal_uart.o(.text.HAL_UART_GetError), (14 bytes).
    Removing stm32l0xx_hal_uart.o(.ARM.exidx.text.HAL_UART_GetError), (8 bytes).
    Removing stm32l0xx_hal_uart.o(.text.UART_RxISR_16BIT), (404 bytes).
    Removing stm32l0xx_hal_uart.o(.ARM.exidx.text.UART_RxISR_16BIT), (8 bytes).
    Removing stm32l0xx_hal_uart.o(.text.UART_RxISR_8BIT), (400 bytes).
    Removing stm32l0xx_hal_uart.o(.ARM.exidx.text.UART_RxISR_8BIT), (8 bytes).
    Removing stm32l0xx_hal_uart.o(.text.UART_DMAReceiveCplt), (278 bytes).
    Removing stm32l0xx_hal_uart.o(.ARM.exidx.text.UART_DMAReceiveCplt), (8 bytes).
    Removing stm32l0xx_hal_uart.o(.text.UART_DMARxHalfCplt), (54 bytes).
    Removing stm32l0xx_hal_uart.o(.ARM.exidx.text.UART_DMARxHalfCplt), (8 bytes).
    Removing stm32l0xx_hal_uart_ex.o(.text), (0 bytes).
    Removing stm32l0xx_hal_uart_ex.o(.text.HAL_RS485Ex_Init), (216 bytes).
    Removing stm32l0xx_hal_uart_ex.o(.ARM.exidx.text.HAL_RS485Ex_Init), (8 bytes).
    Removing stm32l0xx_hal_uart_ex.o(.text.HAL_UARTEx_WakeupCallback), (8 bytes).
    Removing stm32l0xx_hal_uart_ex.o(.ARM.exidx.text.HAL_UARTEx_WakeupCallback), (8 bytes).
    Removing stm32l0xx_hal_uart_ex.o(.text.HAL_UARTEx_EnableClockStopMode), (112 bytes).
    Removing stm32l0xx_hal_uart_ex.o(.ARM.exidx.text.HAL_UARTEx_EnableClockStopMode), (8 bytes).
    Removing stm32l0xx_hal_uart_ex.o(.text.HAL_UARTEx_DisableClockStopMode), (112 bytes).
    Removing stm32l0xx_hal_uart_ex.o(.ARM.exidx.text.HAL_UARTEx_DisableClockStopMode), (8 bytes).
    Removing stm32l0xx_hal_uart_ex.o(.text.HAL_MultiProcessorEx_AddressLength_Set), (92 bytes).
    Removing stm32l0xx_hal_uart_ex.o(.ARM.exidx.text.HAL_MultiProcessorEx_AddressLength_Set), (8 bytes).
    Removing stm32l0xx_hal_uart_ex.o(.text.HAL_UARTEx_StopModeWakeUpSourceConfig), (204 bytes).
    Removing stm32l0xx_hal_uart_ex.o(.ARM.exidx.text.HAL_UARTEx_StopModeWakeUpSourceConfig), (8 bytes).
    Removing stm32l0xx_hal_uart_ex.o(.text.UARTEx_Wakeup_AddressConfig), (58 bytes).
    Removing stm32l0xx_hal_uart_ex.o(.ARM.exidx.text.UARTEx_Wakeup_AddressConfig), (8 bytes).
    Removing stm32l0xx_hal_uart_ex.o(.text.HAL_UARTEx_EnableStopMode), (112 bytes).
    Removing stm32l0xx_hal_uart_ex.o(.ARM.exidx.text.HAL_UARTEx_EnableStopMode), (8 bytes).
    Removing stm32l0xx_hal_uart_ex.o(.text.HAL_UARTEx_DisableStopMode), (112 bytes).
    Removing stm32l0xx_hal_uart_ex.o(.ARM.exidx.text.HAL_UARTEx_DisableStopMode), (8 bytes).
    Removing stm32l0xx_hal_uart_ex.o(.text.HAL_UARTEx_ReceiveToIdle), (624 bytes).
    Removing stm32l0xx_hal_uart_ex.o(.ARM.exidx.text.HAL_UARTEx_ReceiveToIdle), (8 bytes).
    Removing stm32l0xx_hal_uart_ex.o(.text.HAL_UARTEx_ReceiveToIdle_IT), (234 bytes).
    Removing stm32l0xx_hal_uart_ex.o(.ARM.exidx.text.HAL_UARTEx_ReceiveToIdle_IT), (8 bytes).
    Removing stm32l0xx_hal_uart_ex.o(.text.HAL_UARTEx_ReceiveToIdle_DMA), (234 bytes).
    Removing stm32l0xx_hal_uart_ex.o(.ARM.exidx.text.HAL_UARTEx_ReceiveToIdle_DMA), (8 bytes).
    Removing stm32l0xx_hal_uart_ex.o(.text.HAL_UARTEx_GetRxEventType), (12 bytes).
    Removing stm32l0xx_hal_uart_ex.o(.ARM.exidx.text.HAL_UARTEx_GetRxEventType), (8 bytes).
    Removing system_stm32l0xx.o(.text), (0 bytes).
    Removing system_stm32l0xx.o(.ARM.exidx.text.SystemInit), (8 bytes).
    Removing system_stm32l0xx.o(.text.SystemCoreClockUpdate), (308 bytes).
    Removing system_stm32l0xx.o(.ARM.exidx.text.SystemCoreClockUpdate), (8 bytes).

956 unused section(s) (total 72403 bytes) removed from the image.

==============================================================================

Image Symbol Table

    Local Symbols

    Symbol Name                              Value     Ov Type        Size  Object(Section)

    ../clib/angel/boardlib.s                 0x00000000   Number         0  boardinit1.o ABSOLUTE
    ../clib/angel/boardlib.s                 0x00000000   Number         0  boardinit2.o ABSOLUTE
    ../clib/angel/boardlib.s                 0x00000000   Number         0  boardinit3.o ABSOLUTE
    ../clib/angel/boardlib.s                 0x00000000   Number         0  boardshut.o ABSOLUTE
    ../clib/angel/handlers.s                 0x00000000   Number         0  __scatter_copy.o ABSOLUTE
    ../clib/angel/handlers.s                 0x00000000   Number         0  __scatter_zi.o ABSOLUTE
    ../clib/angel/kernel.s                   0x00000000   Number         0  __rtentry.o ABSOLUTE
    ../clib/angel/kernel.s                   0x00000000   Number         0  __rtentry2.o ABSOLUTE
    ../clib/angel/kernel.s                   0x00000000   Number         0  __rtentry4.o ABSOLUTE
    ../clib/angel/kernel.s                   0x00000000   Number         0  rtexit.o ABSOLUTE
    ../clib/angel/kernel.s                   0x00000000   Number         0  rtexit2.o ABSOLUTE
    ../clib/angel/rt.s                       0x00000000   Number         0  aeabi_idiv0.o ABSOLUTE
    ../clib/angel/rt.s                       0x00000000   Number         0  aeabi_idiv0_sigfpe.o ABSOLUTE
    ../clib/angel/rt.s                       0x00000000   Number         0  aeabi_ldiv0.o ABSOLUTE
    ../clib/angel/rt.s                       0x00000000   Number         0  aeabi_ldiv0_sigfpe.o ABSOLUTE
    ../clib/angel/rt.s                       0x00000000   Number         0  rt_div0.o ABSOLUTE
    ../clib/angel/rt.s                       0x00000000   Number         0  rt_raise.o ABSOLUTE
    ../clib/angel/scatterp.s                 0x00000000   Number         0  __scatter.o ABSOLUTE
    ../clib/angel/startup.s                  0x00000000   Number         0  __main.o ABSOLUTE
    ../clib/angel/sys.s                      0x00000000   Number         0  sys_stackheap_outer.o ABSOLUTE
    ../clib/angel/sys.s                      0x00000000   Number         0  libspace.o ABSOLUTE
    ../clib/angel/sys.s                      0x00000000   Number         0  tempstk.o ABSOLUTE
    ../clib/angel/sys.s                      0x00000000   Number         0  use_no_semi.o ABSOLUTE
    ../clib/angel/sys.s                      0x00000000   Number         0  indicate_semi.o ABSOLUTE
    ../clib/angel/sysapp.c                   0x00000000   Number         0  sys_exit.o ABSOLUTE
    ../clib/angel/sysapp.c                   0x00000000   Number         0  sys_exit_hlt.o ABSOLUTE
    ../clib/angel/sysapp.c                   0x00000000   Number         0  sys_wrch.o ABSOLUTE
    ../clib/angel/sysapp.c                   0x00000000   Number         0  sys_wrch_hlt.o ABSOLUTE
    ../clib/angel/sysapp.c                   0x00000000   Number         0  sys_command.o ABSOLUTE
    ../clib/angel/sysapp.c                   0x00000000   Number         0  sys_command_hlt.o ABSOLUTE
    ../clib/armsys.c                         0x00000000   Number         0  argv_veneer.o ABSOLUTE
    ../clib/armsys.c                         0x00000000   Number         0  _get_argv_nomalloc.o ABSOLUTE
    ../clib/armsys.c                         0x00000000   Number         0  no_argv.o ABSOLUTE
    ../clib/division.c                       0x00000000   Number         0  lludiv.o ABSOLUTE
    ../clib/division.s                       0x00000000   Number         0  aeabi_sdiv.o ABSOLUTE
    ../clib/division.s                       0x00000000   Number         0  aeabi_sdiv_div0.o ABSOLUTE
    ../clib/heapalloc.c                      0x00000000   Number         0  hrguard.o ABSOLUTE
    ../clib/heapaux.c                        0x00000000   Number         0  heapauxi.o ABSOLUTE
    ../clib/libinit.s                        0x00000000   Number         0  libinit.o ABSOLUTE
    ../clib/libinit.s                        0x00000000   Number         0  libinit2.o ABSOLUTE
    ../clib/libinit.s                        0x00000000   Number         0  libshutdown.o ABSOLUTE
    ../clib/libinit.s                        0x00000000   Number         0  libshutdown2.o ABSOLUTE
    ../clib/longlong.c                       0x00000000   Number         0  llmul.o ABSOLUTE
    ../clib/memcpset.c                       0x00000000   Number         0  rt_memclr.o ABSOLUTE
    ../clib/signal.c                         0x00000000   Number         0  defsig_fpe_outer.o ABSOLUTE
    ../clib/signal.c                         0x00000000   Number         0  defsig_fpe_formal.o ABSOLUTE
    ../clib/signal.c                         0x00000000   Number         0  defsig_exit.o ABSOLUTE
    ../clib/signal.c                         0x00000000   Number         0  defsig_fpe_inner.o ABSOLUTE
    ../clib/signal.c                         0x00000000   Number         0  __raise.o ABSOLUTE
    ../clib/signal.c                         0x00000000   Number         0  defsig_general.o ABSOLUTE
    ../clib/signal.c                         0x00000000   Number         0  defsig_abrt_inner.o ABSOLUTE
    ../clib/signal.c                         0x00000000   Number         0  defsig_rtred_inner.o ABSOLUTE
    ../clib/signal.c                         0x00000000   Number         0  defsig_rtmem_inner.o ABSOLUTE
    ../clib/signal.c                         0x00000000   Number         0  defsig_rtmem_outer.o ABSOLUTE
    ../clib/signal.c                         0x00000000   Number         0  defsig_rtmem_formal.o ABSOLUTE
    ../clib/signal.c                         0x00000000   Number         0  defsig_stak_inner.o ABSOLUTE
    ../clib/signal.c                         0x00000000   Number         0  defsig_pvfn_inner.o ABSOLUTE
    ../clib/signal.c                         0x00000000   Number         0  defsig_cppl_inner.o ABSOLUTE
    ../clib/signal.c                         0x00000000   Number         0  defsig_segv_inner.o ABSOLUTE
    ../clib/signal.c                         0x00000000   Number         0  defsig_other.o ABSOLUTE
    ../clib/signal.s                         0x00000000   Number         0  defsig.o ABSOLUTE
    ../clib/stdlib.c                         0x00000000   Number         0  exit.o ABSOLUTE
    ../fplib/cfplib/cmp.c                    0x00000000   Number         0  fcmp.o ABSOLUTE
    ../fplib/cfplib/cmpret.c                 0x00000000   Number         0  cmpret.o ABSOLUTE
    ../fplib/cfplib/fcmpin.c                 0x00000000   Number         0  fcmpin.o ABSOLUTE
    ../fplib/cfplib/fflt.c                   0x00000000   Number         0  fflti.o ABSOLUTE
    ../fplib/cfplib/fpinit.c                 0x00000000   Number         0  fpinit.o ABSOLUTE
    ../fplib/cfplib/nan2.c                   0x00000000   Number         0  fnan2.o ABSOLUTE
    ../fplib/cfplib/retnan.c                 0x00000000   Number         0  retnan.o ABSOLUTE
    ../fplib/feqf6m.s                        0x00000000   Number         0  feqf.o ABSOLUTE
    ../fplib/fgeqf6m.s                       0x00000000   Number         0  fgef.o ABSOLUTE
    ../fplib/fleqf6m.s                       0x00000000   Number         0  flef.o ABSOLUTE
    ../fplib/usenofp.s                       0x00000000   Number         0  usenofp.o ABSOLUTE
    dc.s                                     0x00000000   Number         0  dc.o ABSOLUTE
    main.c                                   0x00000000   Number         0  main.o ABSOLUTE
    startup_stm32l073xx.s                    0x00000000   Number         0  startup_stm32l073xx.o ABSOLUTE
    stm32l0xx_hal.c                          0x00000000   Number         0  stm32l0xx_hal.o ABSOLUTE
    stm32l0xx_hal_cortex.c                   0x00000000   Number         0  stm32l0xx_hal_cortex.o ABSOLUTE
    stm32l0xx_hal_dma.c                      0x00000000   Number         0  stm32l0xx_hal_dma.o ABSOLUTE
    stm32l0xx_hal_exti.c                     0x00000000   Number         0  stm32l0xx_hal_exti.o ABSOLUTE
    stm32l0xx_hal_flash.c                    0x00000000   Number         0  stm32l0xx_hal_flash.o ABSOLUTE
    stm32l0xx_hal_flash_ex.c                 0x00000000   Number         0  stm32l0xx_hal_flash_ex.o ABSOLUTE
    stm32l0xx_hal_flash_ramfunc.c            0x00000000   Number         0  stm32l0xx_hal_flash_ramfunc.o ABSOLUTE
    stm32l0xx_hal_gpio.c                     0x00000000   Number         0  stm32l0xx_hal_gpio.o ABSOLUTE
    stm32l0xx_hal_i2c.c                      0x00000000   Number         0  stm32l0xx_hal_i2c.o ABSOLUTE
    stm32l0xx_hal_i2c_ex.c                   0x00000000   Number         0  stm32l0xx_hal_i2c_ex.o ABSOLUTE
    stm32l0xx_hal_msp.c                      0x00000000   Number         0  stm32l0xx_hal_msp.o ABSOLUTE
    stm32l0xx_hal_pwr.c                      0x00000000   Number         0  stm32l0xx_hal_pwr.o ABSOLUTE
    stm32l0xx_hal_pwr_ex.c                   0x00000000   Number         0  stm32l0xx_hal_pwr_ex.o ABSOLUTE
    stm32l0xx_hal_rcc.c                      0x00000000   Number         0  stm32l0xx_hal_rcc.o ABSOLUTE
    stm32l0xx_hal_rcc_ex.c                   0x00000000   Number         0  stm32l0xx_hal_rcc_ex.o ABSOLUTE
    stm32l0xx_hal_tim.c                      0x00000000   Number         0  stm32l0xx_hal_tim.o ABSOLUTE
    stm32l0xx_hal_tim_ex.c                   0x00000000   Number         0  stm32l0xx_hal_tim_ex.o ABSOLUTE
    stm32l0xx_hal_uart.c                     0x00000000   Number         0  stm32l0xx_hal_uart.o ABSOLUTE
    stm32l0xx_hal_uart_ex.c                  0x00000000   Number         0  stm32l0xx_hal_uart_ex.o ABSOLUTE
    stm32l0xx_it.c                           0x00000000   Number         0  stm32l0xx_it.o ABSOLUTE
    system_stm32l0xx.c                       0x00000000   Number         0  system_stm32l0xx.o ABSOLUTE
    RESET                                    0x08000000   Section      192  startup_stm32l073xx.o(RESET)
    !!!main                                  0x080000c0   Section        8  __main.o(!!!main)
    !!!scatter                               0x080000c8   Section       60  __scatter.o(!!!scatter)
    !!handler_copy                           0x08000104   Section       26  __scatter_copy.o(!!handler_copy)
    !!handler_zi                             0x08000120   Section       28  __scatter_zi.o(!!handler_zi)
    .ARM.Collect$$libinit$$00000000          0x0800013c   Section        2  libinit.o(.ARM.Collect$$libinit$$00000000)
    .ARM.Collect$$libinit$$00000002          0x0800013e   Section        0  libinit2.o(.ARM.Collect$$libinit$$00000002)
    .ARM.Collect$$libinit$$00000004          0x0800013e   Section        0  libinit2.o(.ARM.Collect$$libinit$$00000004)
    .ARM.Collect$$libinit$$00000006          0x0800013e   Section        0  libinit2.o(.ARM.Collect$$libinit$$00000006)
    .ARM.Collect$$libinit$$0000000C          0x0800013e   Section        0  libinit2.o(.ARM.Collect$$libinit$$0000000C)
    .ARM.Collect$$libinit$$0000000E          0x0800013e   Section        0  libinit2.o(.ARM.Collect$$libinit$$0000000E)
    .ARM.Collect$$libinit$$00000010          0x0800013e   Section        0  libinit2.o(.ARM.Collect$$libinit$$00000010)
    .ARM.Collect$$libinit$$00000013          0x0800013e   Section        0  libinit2.o(.ARM.Collect$$libinit$$00000013)
    .ARM.Collect$$libinit$$00000015          0x0800013e   Section        0  libinit2.o(.ARM.Collect$$libinit$$00000015)
    .ARM.Collect$$libinit$$00000017          0x0800013e   Section        0  libinit2.o(.ARM.Collect$$libinit$$00000017)
    .ARM.Collect$$libinit$$00000019          0x0800013e   Section        0  libinit2.o(.ARM.Collect$$libinit$$00000019)
    .ARM.Collect$$libinit$$0000001B          0x0800013e   Section        0  libinit2.o(.ARM.Collect$$libinit$$0000001B)
    .ARM.Collect$$libinit$$0000001D          0x0800013e   Section        0  libinit2.o(.ARM.Collect$$libinit$$0000001D)
    .ARM.Collect$$libinit$$0000001F          0x0800013e   Section        0  libinit2.o(.ARM.Collect$$libinit$$0000001F)
    .ARM.Collect$$libinit$$00000021          0x0800013e   Section        0  libinit2.o(.ARM.Collect$$libinit$$00000021)
    .ARM.Collect$$libinit$$00000023          0x0800013e   Section        0  libinit2.o(.ARM.Collect$$libinit$$00000023)
    .ARM.Collect$$libinit$$00000025          0x0800013e   Section        0  libinit2.o(.ARM.Collect$$libinit$$00000025)
    .ARM.Collect$$libinit$$00000027          0x0800013e   Section        0  libinit2.o(.ARM.Collect$$libinit$$00000027)
    .ARM.Collect$$libinit$$0000002E          0x0800013e   Section        0  libinit2.o(.ARM.Collect$$libinit$$0000002E)
    .ARM.Collect$$libinit$$00000030          0x0800013e   Section        0  libinit2.o(.ARM.Collect$$libinit$$00000030)
    .ARM.Collect$$libinit$$00000032          0x0800013e   Section        0  libinit2.o(.ARM.Collect$$libinit$$00000032)
    .ARM.Collect$$libinit$$00000034          0x0800013e   Section        0  libinit2.o(.ARM.Collect$$libinit$$00000034)
    .ARM.Collect$$libinit$$00000035          0x0800013e   Section        2  libinit2.o(.ARM.Collect$$libinit$$00000035)
    .ARM.Collect$$libshutdown$$00000000      0x08000140   Section        2  libshutdown.o(.ARM.Collect$$libshutdown$$00000000)
    .ARM.Collect$$libshutdown$$00000002      0x08000142   Section        0  libshutdown2.o(.ARM.Collect$$libshutdown$$00000002)
    .ARM.Collect$$libshutdown$$00000004      0x08000142   Section        0  libshutdown2.o(.ARM.Collect$$libshutdown$$00000004)
    .ARM.Collect$$libshutdown$$00000007      0x08000142   Section        0  libshutdown2.o(.ARM.Collect$$libshutdown$$00000007)
    .ARM.Collect$$libshutdown$$0000000A      0x08000142   Section        0  libshutdown2.o(.ARM.Collect$$libshutdown$$0000000A)
    .ARM.Collect$$libshutdown$$0000000C      0x08000142   Section        0  libshutdown2.o(.ARM.Collect$$libshutdown$$0000000C)
    .ARM.Collect$$libshutdown$$0000000F      0x08000142   Section        0  libshutdown2.o(.ARM.Collect$$libshutdown$$0000000F)
    .ARM.Collect$$libshutdown$$00000010      0x08000142   Section        2  libshutdown2.o(.ARM.Collect$$libshutdown$$00000010)
    .ARM.Collect$$rtentry$$00000000          0x08000144   Section        0  __rtentry.o(.ARM.Collect$$rtentry$$00000000)
    .ARM.Collect$$rtentry$$00000002          0x08000144   Section        0  __rtentry2.o(.ARM.Collect$$rtentry$$00000002)
    .ARM.Collect$$rtentry$$00000004          0x08000144   Section        6  __rtentry4.o(.ARM.Collect$$rtentry$$00000004)
    .ARM.Collect$$rtentry$$00000009          0x0800014a   Section        0  __rtentry2.o(.ARM.Collect$$rtentry$$00000009)
    .ARM.Collect$$rtentry$$0000000A          0x0800014a   Section        4  __rtentry2.o(.ARM.Collect$$rtentry$$0000000A)
    .ARM.Collect$$rtentry$$0000000C          0x0800014e   Section        0  __rtentry2.o(.ARM.Collect$$rtentry$$0000000C)
    .ARM.Collect$$rtentry$$0000000D          0x0800014e   Section        8  __rtentry2.o(.ARM.Collect$$rtentry$$0000000D)
    .ARM.Collect$$rtexit$$00000000           0x08000156   Section        2  rtexit.o(.ARM.Collect$$rtexit$$00000000)
    .ARM.Collect$$rtexit$$00000002           0x08000158   Section        0  rtexit2.o(.ARM.Collect$$rtexit$$00000002)
    .ARM.Collect$$rtexit$$00000003           0x08000158   Section        4  rtexit2.o(.ARM.Collect$$rtexit$$00000003)
    .ARM.Collect$$rtexit$$00000004           0x0800015c   Section        6  rtexit2.o(.ARM.Collect$$rtexit$$00000004)
    .text                                    0x08000164   Section       56  startup_stm32l073xx.o(.text)
    .text                                    0x0800019c   Section        0  llmul.o(.text)
    .text                                    0x080001cc   Section        0  lludiv.o(.text)
    .text                                    0x080002dc   Section        0  rt_memclr.o(.text)
    .text                                    0x0800031c   Section      364  aeabi_sdiv.o(.text)
    .text                                    0x08000488   Section        0  heapauxi.o(.text)
    .text                                    0x0800048e   Section        0  fflti.o(.text)
    .text                                    0x080004ec   Section        0  fcmpin.o(.text)
    .text                                    0x08000550   Section       62  sys_stackheap_outer.o(.text)
    .text                                    0x0800058e   Section        0  exit.o(.text)
    .text                                    0x0800059e   Section        0  cmpret.o(.text)
    .text                                    0x080005cc   Section        0  fnan2.o(.text)
    .text                                    0x080005dc   Section        8  libspace.o(.text)
    .text                                    0x080005e4   Section        0  retnan.o(.text)
    .text                                    0x08000644   Section        0  sys_exit.o(.text)
    .text                                    0x08000650   Section        2  use_no_semi.o(.text)
    [Anonymous Symbol]                       0x08000652   Section        0  main.o(.text.Error_Handler)
    .text                                    0x08000652   Section        0  indicate_semi.o(.text)
    [Anonymous Symbol]                       0x08000660   Section        0  stm32l0xx_hal_gpio.o(.text.HAL_GPIO_Init)
    __arm_cp.0_0                             0x08000948   Number         4  stm32l0xx_hal_gpio.o(.text.HAL_GPIO_Init)
    __arm_cp.0_1                             0x0800094c   Number         4  stm32l0xx_hal_gpio.o(.text.HAL_GPIO_Init)
    __arm_cp.0_2                             0x08000950   Number         4  stm32l0xx_hal_gpio.o(.text.HAL_GPIO_Init)
    __arm_cp.0_3                             0x08000954   Number         4  stm32l0xx_hal_gpio.o(.text.HAL_GPIO_Init)
    __arm_cp.0_4                             0x08000958   Number         4  stm32l0xx_hal_gpio.o(.text.HAL_GPIO_Init)
    __arm_cp.0_5                             0x0800095c   Number         4  stm32l0xx_hal_gpio.o(.text.HAL_GPIO_Init)
    __arm_cp.0_6                             0x08000960   Number         4  stm32l0xx_hal_gpio.o(.text.HAL_GPIO_Init)
    __arm_cp.0_7                             0x08000964   Number         4  stm32l0xx_hal_gpio.o(.text.HAL_GPIO_Init)
    __arm_cp.0_8                             0x08000968   Number         4  stm32l0xx_hal_gpio.o(.text.HAL_GPIO_Init)
    __arm_cp.0_9                             0x0800096c   Number         4  stm32l0xx_hal_gpio.o(.text.HAL_GPIO_Init)
    __arm_cp.0_10                            0x08000970   Number         4  stm32l0xx_hal_gpio.o(.text.HAL_GPIO_Init)
    [Anonymous Symbol]                       0x08000974   Section        0  stm32l0xx_hal.o(.text.HAL_GetTick)
    [Anonymous Symbol]                       0x0800097c   Section        0  stm32l0xx_hal_i2c_ex.o(.text.HAL_I2CEx_ConfigAnalogFilter)
    [Anonymous Symbol]                       0x08000a12   Section        0  stm32l0xx_hal_i2c_ex.o(.text.HAL_I2CEx_ConfigDigitalFilter)
    [Anonymous Symbol]                       0x08000ab4   Section        0  stm32l0xx_hal_i2c.o(.text.HAL_I2C_Init)
    __arm_cp.0_0                             0x08000bbc   Number         4  stm32l0xx_hal_i2c.o(.text.HAL_I2C_Init)
    [Anonymous Symbol]                       0x08000bc0   Section        0  stm32l0xx_hal_msp.o(.text.HAL_I2C_MspInit)
    __arm_cp.1_0                             0x08000c24   Number         4  stm32l0xx_hal_msp.o(.text.HAL_I2C_MspInit)
    __arm_cp.1_1                             0x08000c28   Number         4  stm32l0xx_hal_msp.o(.text.HAL_I2C_MspInit)
    __arm_cp.1_2                             0x08000c2c   Number         4  stm32l0xx_hal_msp.o(.text.HAL_I2C_MspInit)
    [Anonymous Symbol]                       0x08000c30   Section        0  stm32l0xx_hal.o(.text.HAL_IncTick)
    __arm_cp.5_1                             0x08000c40   Number         4  stm32l0xx_hal.o(.text.HAL_IncTick)
    [Anonymous Symbol]                       0x08000c44   Section        0  stm32l0xx_hal.o(.text.HAL_Init)
    __arm_cp.0_0                             0x08000c7c   Number         4  stm32l0xx_hal.o(.text.HAL_Init)
    [Anonymous Symbol]                       0x08000c80   Section        0  stm32l0xx_hal.o(.text.HAL_InitTick)
    __arm_cp.1_0                             0x08000ce4   Number         4  stm32l0xx_hal.o(.text.HAL_InitTick)
    __arm_cp.1_1                             0x08000ce8   Number         4  stm32l0xx_hal.o(.text.HAL_InitTick)
    __arm_cp.1_2                             0x08000cec   Number         4  stm32l0xx_hal.o(.text.HAL_InitTick)
    [Anonymous Symbol]                       0x08000cf0   Section        0  stm32l0xx_hal_msp.o(.text.HAL_MspInit)
    __arm_cp.0_0                             0x08000d08   Number         4  stm32l0xx_hal_msp.o(.text.HAL_MspInit)
    __arm_cp.0_1                             0x08000d0c   Number         4  stm32l0xx_hal_msp.o(.text.HAL_MspInit)
    [Anonymous Symbol]                       0x08000d10   Section        0  stm32l0xx_hal_cortex.o(.text.HAL_NVIC_EnableIRQ)
    [Anonymous Symbol]                       0x08000d26   Section        0  stm32l0xx_hal_cortex.o(.text.HAL_NVIC_SetPriority)
    [Anonymous Symbol]                       0x08000d44   Section        0  stm32l0xx_hal_rcc_ex.o(.text.HAL_RCCEx_PeriphCLKConfig)
    __arm_cp.0_0                             0x08001098   Number         4  stm32l0xx_hal_rcc_ex.o(.text.HAL_RCCEx_PeriphCLKConfig)
    __arm_cp.0_1                             0x0800109c   Number         4  stm32l0xx_hal_rcc_ex.o(.text.HAL_RCCEx_PeriphCLKConfig)
    __arm_cp.0_2                             0x080010a0   Number         4  stm32l0xx_hal_rcc_ex.o(.text.HAL_RCCEx_PeriphCLKConfig)
    __arm_cp.0_3                             0x080010a4   Number         4  stm32l0xx_hal_rcc_ex.o(.text.HAL_RCCEx_PeriphCLKConfig)
    __arm_cp.0_4                             0x080010a8   Number         4  stm32l0xx_hal_rcc_ex.o(.text.HAL_RCCEx_PeriphCLKConfig)
    __arm_cp.0_5                             0x080010ac   Number         4  stm32l0xx_hal_rcc_ex.o(.text.HAL_RCCEx_PeriphCLKConfig)
    [Anonymous Symbol]                       0x080010b0   Section        0  stm32l0xx_hal_rcc.o(.text.HAL_RCC_ClockConfig)
    __arm_cp.3_0                             0x08001398   Number         4  stm32l0xx_hal_rcc.o(.text.HAL_RCC_ClockConfig)
    __arm_cp.3_3                             0x0800139c   Number         4  stm32l0xx_hal_rcc.o(.text.HAL_RCC_ClockConfig)
    __arm_cp.3_4                             0x080013a0   Number         4  stm32l0xx_hal_rcc.o(.text.HAL_RCC_ClockConfig)
    __arm_cp.3_6                             0x080013a4   Number         4  stm32l0xx_hal_rcc.o(.text.HAL_RCC_ClockConfig)
    [Anonymous Symbol]                       0x080013a8   Section        0  stm32l0xx_hal_rcc.o(.text.HAL_RCC_GetHCLKFreq)
    __arm_cp.6_0                             0x080013b0   Number         4  stm32l0xx_hal_rcc.o(.text.HAL_RCC_GetHCLKFreq)
    [Anonymous Symbol]                       0x080013b4   Section        0  stm32l0xx_hal_rcc.o(.text.HAL_RCC_GetPCLK1Freq)
    [Anonymous Symbol]                       0x080013d0   Section        0  stm32l0xx_hal_rcc.o(.text.HAL_RCC_GetPCLK2Freq)
    __arm_cp.8_0                             0x080013ec   Number         4  stm32l0xx_hal_rcc.o(.text.HAL_RCC_GetPCLK2Freq)
    __arm_cp.8_1                             0x080013f0   Number         4  stm32l0xx_hal_rcc.o(.text.HAL_RCC_GetPCLK2Freq)
    [Anonymous Symbol]                       0x080013f4   Section        0  stm32l0xx_hal_rcc.o(.text.HAL_RCC_GetSysClockFreq)
    __arm_cp.2_0                             0x08001514   Number         4  stm32l0xx_hal_rcc.o(.text.HAL_RCC_GetSysClockFreq)
    __arm_cp.2_1                             0x08001518   Number         4  stm32l0xx_hal_rcc.o(.text.HAL_RCC_GetSysClockFreq)
    __arm_cp.2_2                             0x0800151c   Number         4  stm32l0xx_hal_rcc.o(.text.HAL_RCC_GetSysClockFreq)
    __arm_cp.2_3                             0x08001520   Number         4  stm32l0xx_hal_rcc.o(.text.HAL_RCC_GetSysClockFreq)
    __arm_cp.2_4                             0x08001524   Number         4  stm32l0xx_hal_rcc.o(.text.HAL_RCC_GetSysClockFreq)
    __arm_cp.2_5                             0x08001528   Number         4  stm32l0xx_hal_rcc.o(.text.HAL_RCC_GetSysClockFreq)
    __arm_cp.2_6                             0x0800152c   Number         4  stm32l0xx_hal_rcc.o(.text.HAL_RCC_GetSysClockFreq)
    [Anonymous Symbol]                       0x08001530   Section        0  stm32l0xx_hal_rcc.o(.text.HAL_RCC_OscConfig)
    __arm_cp.1_15                            0x08001948   Number         4  stm32l0xx_hal_rcc.o(.text.HAL_RCC_OscConfig)
    __arm_cp.1_16                            0x0800194c   Number         4  stm32l0xx_hal_rcc.o(.text.HAL_RCC_OscConfig)
    __arm_cp.1_17                            0x08001950   Number         4  stm32l0xx_hal_rcc.o(.text.HAL_RCC_OscConfig)
    __arm_cp.1_18                            0x08001954   Number         4  stm32l0xx_hal_rcc.o(.text.HAL_RCC_OscConfig)
    __arm_cp.1_0                             0x08001d7c   Number         4  stm32l0xx_hal_rcc.o(.text.HAL_RCC_OscConfig)
    __arm_cp.1_1                             0x08001d80   Number         4  stm32l0xx_hal_rcc.o(.text.HAL_RCC_OscConfig)
    __arm_cp.1_6                             0x08001d84   Number         4  stm32l0xx_hal_rcc.o(.text.HAL_RCC_OscConfig)
    __arm_cp.1_7                             0x08001d88   Number         4  stm32l0xx_hal_rcc.o(.text.HAL_RCC_OscConfig)
    __arm_cp.1_8                             0x08001d8c   Number         4  stm32l0xx_hal_rcc.o(.text.HAL_RCC_OscConfig)
    __arm_cp.1_9                             0x08001d90   Number         4  stm32l0xx_hal_rcc.o(.text.HAL_RCC_OscConfig)
    __arm_cp.1_10                            0x08001d94   Number         4  stm32l0xx_hal_rcc.o(.text.HAL_RCC_OscConfig)
    __arm_cp.1_11                            0x08001d98   Number         4  stm32l0xx_hal_rcc.o(.text.HAL_RCC_OscConfig)
    __arm_cp.1_12                            0x08001d9c   Number         4  stm32l0xx_hal_rcc.o(.text.HAL_RCC_OscConfig)
    [Anonymous Symbol]                       0x08001da0   Section        0  stm32l0xx_hal_cortex.o(.text.HAL_SYSTICK_Config)
    [Anonymous Symbol]                       0x08001db0   Section        0  stm32l0xx_hal_tim_ex.o(.text.HAL_TIMEx_MasterConfigSynchronization)
    [Anonymous Symbol]                       0x08001e7c   Section        0  stm32l0xx_hal_tim.o(.text.HAL_TIM_Base_Init)
    [Anonymous Symbol]                       0x08001efc   Section        0  stm32l0xx_hal_msp.o(.text.HAL_TIM_Base_MspInit)
    __arm_cp.3_0                             0x08001f70   Number         4  stm32l0xx_hal_msp.o(.text.HAL_TIM_Base_MspInit)
    __arm_cp.3_1                             0x08001f74   Number         4  stm32l0xx_hal_msp.o(.text.HAL_TIM_Base_MspInit)
    [Anonymous Symbol]                       0x08001f78   Section        0  stm32l0xx_hal_tim.o(.text.HAL_TIM_Base_Start_IT)
    __arm_cp.7_0                             0x08002018   Number         4  stm32l0xx_hal_tim.o(.text.HAL_TIM_Base_Start_IT)
    __arm_cp.7_1                             0x0800201c   Number         4  stm32l0xx_hal_tim.o(.text.HAL_TIM_Base_Start_IT)
    __arm_cp.7_2                             0x08002020   Number         4  stm32l0xx_hal_tim.o(.text.HAL_TIM_Base_Start_IT)
    [Anonymous Symbol]                       0x08002024   Section        0  stm32l0xx_hal_tim.o(.text.HAL_TIM_ConfigClockSource)
    [Anonymous Symbol]                       0x080021b0   Section        0  main.o(.text.HAL_TIM_IC_CaptureCallback)
    __arm_cp.7_0                             0x08002244   Number         4  main.o(.text.HAL_TIM_IC_CaptureCallback)
    __arm_cp.7_1                             0x08002248   Number         4  main.o(.text.HAL_TIM_IC_CaptureCallback)
    __arm_cp.7_2                             0x0800224c   Number         4  main.o(.text.HAL_TIM_IC_CaptureCallback)
    __arm_cp.7_3                             0x08002250   Number         4  main.o(.text.HAL_TIM_IC_CaptureCallback)
    __arm_cp.7_4                             0x08002254   Number         4  main.o(.text.HAL_TIM_IC_CaptureCallback)
    __arm_cp.7_5                             0x08002258   Number         4  main.o(.text.HAL_TIM_IC_CaptureCallback)
    __arm_cp.7_6                             0x0800225c   Number         4  main.o(.text.HAL_TIM_IC_CaptureCallback)
    __arm_cp.7_7                             0x08002260   Number         4  main.o(.text.HAL_TIM_IC_CaptureCallback)
    [Anonymous Symbol]                       0x08002264   Section        0  stm32l0xx_hal_tim.o(.text.HAL_TIM_IC_ConfigChannel)
    [Anonymous Symbol]                       0x08002398   Section        0  stm32l0xx_hal_tim.o(.text.HAL_TIM_IC_Init)
    [Anonymous Symbol]                       0x08002418   Section        0  stm32l0xx_hal_tim.o(.text.HAL_TIM_IC_MspInit)
    [Anonymous Symbol]                       0x08002420   Section        0  stm32l0xx_hal_tim.o(.text.HAL_TIM_IC_Start_IT)
    __arm_cp.43_0                            0x080025f8   Number         4  stm32l0xx_hal_tim.o(.text.HAL_TIM_IC_Start_IT)
    __arm_cp.43_1                            0x080025fc   Number         4  stm32l0xx_hal_tim.o(.text.HAL_TIM_IC_Start_IT)
    __arm_cp.43_2                            0x08002600   Number         4  stm32l0xx_hal_tim.o(.text.HAL_TIM_IC_Start_IT)
    [Anonymous Symbol]                       0x08002604   Section        0  stm32l0xx_hal_tim.o(.text.HAL_TIM_IRQHandler)
    [Anonymous Symbol]                       0x08002802   Section        0  stm32l0xx_hal_tim.o(.text.HAL_TIM_OC_DelayElapsedCallback)
    [Anonymous Symbol]                       0x0800280a   Section        0  stm32l0xx_hal_tim.o(.text.HAL_TIM_PWM_PulseFinishedCallback)
    [Anonymous Symbol]                       0x08002814   Section        0  main.o(.text.HAL_TIM_PeriodElapsedCallback)
    __arm_cp.8_0                             0x08002824   Number         4  main.o(.text.HAL_TIM_PeriodElapsedCallback)
    [Anonymous Symbol]                       0x08002828   Section        0  stm32l0xx_hal_tim.o(.text.HAL_TIM_TriggerCallback)
    [Anonymous Symbol]                       0x08002830   Section        0  stm32l0xx_hal_uart.o(.text.HAL_UART_Init)
    [Anonymous Symbol]                       0x080028e0   Section        0  stm32l0xx_hal_msp.o(.text.HAL_UART_MspInit)
    __arm_cp.5_1                             0x08002944   Number         4  stm32l0xx_hal_msp.o(.text.HAL_UART_MspInit)
    [Anonymous Symbol]                       0x08002948   Section        0  stm32l0xx_it.o(.text.HardFault_Handler)
    MX_GPIO_Init                             0x0800294d   Thumb Code    72  main.o(.text.MX_GPIO_Init)
    [Anonymous Symbol]                       0x0800294c   Section        0  main.o(.text.MX_GPIO_Init)
    __arm_cp.2_0                             0x08002994   Number         4  main.o(.text.MX_GPIO_Init)
    MX_I2C1_Init                             0x08002999   Thumb Code    96  main.o(.text.MX_I2C1_Init)
    [Anonymous Symbol]                       0x08002998   Section        0  main.o(.text.MX_I2C1_Init)
    __arm_cp.5_0                             0x080029f8   Number         4  main.o(.text.MX_I2C1_Init)
    __arm_cp.5_1                             0x080029fc   Number         4  main.o(.text.MX_I2C1_Init)
    __arm_cp.5_2                             0x08002a00   Number         4  main.o(.text.MX_I2C1_Init)
    MX_TIM2_Init                             0x08002a05   Thumb Code   172  main.o(.text.MX_TIM2_Init)
    [Anonymous Symbol]                       0x08002a04   Section        0  main.o(.text.MX_TIM2_Init)
    __arm_cp.3_1                             0x08002ab0   Number         4  main.o(.text.MX_TIM2_Init)
    MX_USART2_UART_Init                      0x08002ab5   Thumb Code    60  main.o(.text.MX_USART2_UART_Init)
    [Anonymous Symbol]                       0x08002ab4   Section        0  main.o(.text.MX_USART2_UART_Init)
    __arm_cp.4_0                             0x08002af0   Number         4  main.o(.text.MX_USART2_UART_Init)
    __arm_cp.4_1                             0x08002af4   Number         4  main.o(.text.MX_USART2_UART_Init)
    [Anonymous Symbol]                       0x08002af8   Section        0  stm32l0xx_it.o(.text.NMI_Handler)
    [Anonymous Symbol]                       0x08002afc   Section        0  stm32l0xx_it.o(.text.PendSV_Handler)
    [Anonymous Symbol]                       0x08002afe   Section        0  stm32l0xx_it.o(.text.SVC_Handler)
    SysTick_Config                           0x08002b01   Thumb Code    68  stm32l0xx_hal_cortex.o(.text.SysTick_Config)
    [Anonymous Symbol]                       0x08002b00   Section        0  stm32l0xx_hal_cortex.o(.text.SysTick_Config)
    __arm_cp.9_0                             0x08002b44   Number         4  stm32l0xx_hal_cortex.o(.text.SysTick_Config)
    __arm_cp.9_1                             0x08002b48   Number         4  stm32l0xx_hal_cortex.o(.text.SysTick_Config)
    __arm_cp.9_2                             0x08002b4c   Number         4  stm32l0xx_hal_cortex.o(.text.SysTick_Config)
    [Anonymous Symbol]                       0x08002b50   Section        0  stm32l0xx_it.o(.text.SysTick_Handler)
    [Anonymous Symbol]                       0x08002b58   Section        0  main.o(.text.SystemClock_Config)
    __arm_cp.1_0                             0x08002bf8   Number         4  main.o(.text.SystemClock_Config)
    [Anonymous Symbol]                       0x08002bfc   Section        0  system_stm32l0xx.o(.text.SystemInit)
    [Anonymous Symbol]                       0x08002c00   Section        0  stm32l0xx_it.o(.text.TIM2_IRQHandler)
    __arm_cp.5_0                             0x08002c0c   Number         4  stm32l0xx_it.o(.text.TIM2_IRQHandler)
    TIM_Base_SetConfig                       0x08002c11   Thumb Code   184  stm32l0xx_hal_tim.o(.text.TIM_Base_SetConfig)
    [Anonymous Symbol]                       0x08002c10   Section        0  stm32l0xx_hal_tim.o(.text.TIM_Base_SetConfig)
    __arm_cp.2_2                             0x08002cc8   Number         4  stm32l0xx_hal_tim.o(.text.TIM_Base_SetConfig)
    TIM_CCxChannelCmd                        0x08002ccd   Thumb Code    50  stm32l0xx_hal_tim.o(.text.TIM_CCxChannelCmd)
    [Anonymous Symbol]                       0x08002ccc   Section        0  stm32l0xx_hal_tim.o(.text.TIM_CCxChannelCmd)
    TIM_ETR_SetConfig                        0x08002cff   Thumb Code    54  stm32l0xx_hal_tim.o(.text.TIM_ETR_SetConfig)
    [Anonymous Symbol]                       0x08002cfe   Section        0  stm32l0xx_hal_tim.o(.text.TIM_ETR_SetConfig)
    TIM_ITRx_SetConfig                       0x08002d35   Thumb Code    42  stm32l0xx_hal_tim.o(.text.TIM_ITRx_SetConfig)
    [Anonymous Symbol]                       0x08002d34   Section        0  stm32l0xx_hal_tim.o(.text.TIM_ITRx_SetConfig)
    TIM_TI1_ConfigInputStage                 0x08002d5f   Thumb Code    80  stm32l0xx_hal_tim.o(.text.TIM_TI1_ConfigInputStage)
    [Anonymous Symbol]                       0x08002d5e   Section        0  stm32l0xx_hal_tim.o(.text.TIM_TI1_ConfigInputStage)
    TIM_TI1_SetConfig                        0x08002db1   Thumb Code   180  stm32l0xx_hal_tim.o(.text.TIM_TI1_SetConfig)
    [Anonymous Symbol]                       0x08002db0   Section        0  stm32l0xx_hal_tim.o(.text.TIM_TI1_SetConfig)
    __arm_cp.79_0                            0x08002e64   Number         4  stm32l0xx_hal_tim.o(.text.TIM_TI1_SetConfig)
    __arm_cp.79_1                            0x08002e68   Number         4  stm32l0xx_hal_tim.o(.text.TIM_TI1_SetConfig)
    __arm_cp.79_2                            0x08002e6c   Number         4  stm32l0xx_hal_tim.o(.text.TIM_TI1_SetConfig)
    TIM_TI2_ConfigInputStage                 0x08002e71   Thumb Code    84  stm32l0xx_hal_tim.o(.text.TIM_TI2_ConfigInputStage)
    [Anonymous Symbol]                       0x08002e70   Section        0  stm32l0xx_hal_tim.o(.text.TIM_TI2_ConfigInputStage)
    TIM_TI2_SetConfig                        0x08002ec5   Thumb Code   110  stm32l0xx_hal_tim.o(.text.TIM_TI2_SetConfig)
    [Anonymous Symbol]                       0x08002ec4   Section        0  stm32l0xx_hal_tim.o(.text.TIM_TI2_SetConfig)
    TIM_TI3_SetConfig                        0x08002f33   Thumb Code   108  stm32l0xx_hal_tim.o(.text.TIM_TI3_SetConfig)
    [Anonymous Symbol]                       0x08002f32   Section        0  stm32l0xx_hal_tim.o(.text.TIM_TI3_SetConfig)
    TIM_TI4_SetConfig                        0x08002f9f   Thumb Code   114  stm32l0xx_hal_tim.o(.text.TIM_TI4_SetConfig)
    [Anonymous Symbol]                       0x08002f9e   Section        0  stm32l0xx_hal_tim.o(.text.TIM_TI4_SetConfig)
    [Anonymous Symbol]                       0x08003010   Section        0  stm32l0xx_hal_uart.o(.text.UART_AdvFeatureConfig)
    [Anonymous Symbol]                       0x0800316c   Section        0  stm32l0xx_hal_uart.o(.text.UART_CheckIdleState)
    __arm_cp.4_0                             0x080032c4   Number         4  stm32l0xx_hal_uart.o(.text.UART_CheckIdleState)
    UART_EndRxTransfer                       0x080032c9   Thumb Code   176  stm32l0xx_hal_uart.o(.text.UART_EndRxTransfer)
    [Anonymous Symbol]                       0x080032c8   Section        0  stm32l0xx_hal_uart.o(.text.UART_EndRxTransfer)
    [Anonymous Symbol]                       0x08003378   Section        0  stm32l0xx_hal_uart.o(.text.UART_SetConfig)
    __arm_cp.2_16                            0x0800378c   Number         4  stm32l0xx_hal_uart.o(.text.UART_SetConfig)
    __arm_cp.2_17                            0x080037c4   Number         4  stm32l0xx_hal_uart.o(.text.UART_SetConfig)
    __arm_cp.2_0                             0x0800385c   Number         4  stm32l0xx_hal_uart.o(.text.UART_SetConfig)
    __arm_cp.2_3                             0x08003860   Number         4  stm32l0xx_hal_uart.o(.text.UART_SetConfig)
    __arm_cp.2_4                             0x08003864   Number         4  stm32l0xx_hal_uart.o(.text.UART_SetConfig)
    __arm_cp.2_5                             0x08003868   Number         4  stm32l0xx_hal_uart.o(.text.UART_SetConfig)
    __arm_cp.2_6                             0x0800386c   Number         4  stm32l0xx_hal_uart.o(.text.UART_SetConfig)
    __arm_cp.2_7                             0x08003870   Number         4  stm32l0xx_hal_uart.o(.text.UART_SetConfig)
    __arm_cp.2_8                             0x08003874   Number         4  stm32l0xx_hal_uart.o(.text.UART_SetConfig)
    __arm_cp.2_9                             0x08003878   Number         4  stm32l0xx_hal_uart.o(.text.UART_SetConfig)
    [Anonymous Symbol]                       0x0800387c   Section        0  stm32l0xx_hal_uart.o(.text.UART_WaitOnFlagUntilTimeout)
    __NVIC_EnableIRQ                         0x08003975   Thumb Code    40  stm32l0xx_hal_cortex.o(.text.__NVIC_EnableIRQ)
    [Anonymous Symbol]                       0x08003974   Section        0  stm32l0xx_hal_cortex.o(.text.__NVIC_EnableIRQ)
    __arm_cp.3_0                             0x0800399c   Number         4  stm32l0xx_hal_cortex.o(.text.__NVIC_EnableIRQ)
    __NVIC_SetPriority                       0x080039a1   Thumb Code   124  stm32l0xx_hal_cortex.o(.text.__NVIC_SetPriority)
    [Anonymous Symbol]                       0x080039a0   Section        0  stm32l0xx_hal_cortex.o(.text.__NVIC_SetPriority)
    __arm_cp.1_0                             0x08003a1c   Number         4  stm32l0xx_hal_cortex.o(.text.__NVIC_SetPriority)
    __arm_cp.1_1                             0x08003a20   Number         4  stm32l0xx_hal_cortex.o(.text.__NVIC_SetPriority)
    [Anonymous Symbol]                       0x08003a24   Section        0  main.o(.text.main)
    __arm_cp.0_0                             0x08003a5c   Number         4  main.o(.text.main)
    i._feq                                   0x08003a60   Section        0  fcmp.o(i._feq)
    x$fpl$feqf                               0x08003a78   Section       84  feqf.o(x$fpl$feqf)
    x$fpl$usenofp                            0x08003acc   Section        0  usenofp.o(x$fpl$usenofp)
    .bss                                     0x20000010   Section       96  libspace.o(.bss)
    Heap_Mem                                 0x200001a8   Data         512  startup_stm32l073xx.o(HEAP)
    HEAP                                     0x200001a8   Section      512  startup_stm32l073xx.o(HEAP)
    Stack_Mem                                0x200003a8   Data        1024  startup_stm32l073xx.o(STACK)
    STACK                                    0x200003a8   Section     1024  startup_stm32l073xx.o(STACK)
    __initial_sp                             0x200007a8   Data           0  startup_stm32l073xx.o(STACK)

    Global Symbols

    Symbol Name                              Value     Ov Type        Size  Object(Section)

    BuildAttributes$$THM_ISAv3M$S$PE$A:L22$X:L11$S22$IEEE1$IW$~IW$USESV6$~STKCKD$USESV7$~SHL$OSPACE$ROPI$EBA8$UX$STANDARDLIB$REQ8$PRES8$EABIv2 0x00000000   Number         0  anon$$obj.o ABSOLUTE
    __ARM_exceptions_init                     - Undefined Weak Reference
    __alloca_initialize                       - Undefined Weak Reference
    __arm_preinit_                            - Undefined Weak Reference
    __arm_relocate_pie_                       - Undefined Weak Reference
    __cpp_initialize__aeabi_                  - Undefined Weak Reference
    __cxa_finalize                            - Undefined Weak Reference
    __rt_locale                               - Undefined Weak Reference
    __sigvec_lookup                           - Undefined Weak Reference
    _atexit_init                              - Undefined Weak Reference
    _call_atexit_fns                          - Undefined Weak Reference
    _clock_init                               - Undefined Weak Reference
    _fp_trap_init                             - Undefined Weak Reference
    _fp_trap_shutdown                         - Undefined Weak Reference
    _get_lc_collate                           - Undefined Weak Reference
    _get_lc_ctype                             - Undefined Weak Reference
    _get_lc_monetary                          - Undefined Weak Reference
    _get_lc_numeric                           - Undefined Weak Reference
    _get_lc_time                              - Undefined Weak Reference
    _getenv_init                              - Undefined Weak Reference
    _handle_redirection                       - Undefined Weak Reference
    _init_alloc                               - Undefined Weak Reference
    _init_user_alloc                          - Undefined Weak Reference
    _initio                                   - Undefined Weak Reference
    _rand_init                                - Undefined Weak Reference
    _signal_finish                            - Undefined Weak Reference
    _signal_init                              - Undefined Weak Reference
    _terminate_alloc                          - Undefined Weak Reference
    _terminate_user_alloc                     - Undefined Weak Reference
    _terminateio                              - Undefined Weak Reference
    __Vectors_Size                           0x000000c0   Number         0  startup_stm32l073xx.o ABSOLUTE
    __Vectors                                0x08000000   Data           4  startup_stm32l073xx.o(RESET)
    __Vectors_End                            0x080000c0   Data           0  startup_stm32l073xx.o(RESET)
    __main                                   0x080000c1   Thumb Code     8  __main.o(!!!main)
    __scatterload                            0x080000c9   Thumb Code     0  __scatter.o(!!!scatter)
    __scatterload_rt2                        0x080000c9   Thumb Code    52  __scatter.o(!!!scatter)
    __scatterload_rt2_thumb_only             0x080000c9   Thumb Code     0  __scatter.o(!!!scatter)
    __scatterload_null                       0x080000d9   Thumb Code     0  __scatter.o(!!!scatter)
    __scatterload_copy                       0x08000105   Thumb Code    26  __scatter_copy.o(!!handler_copy)
    __scatterload_zeroinit                   0x08000121   Thumb Code    28  __scatter_zi.o(!!handler_zi)
    __rt_lib_init                            0x0800013d   Thumb Code     0  libinit.o(.ARM.Collect$$libinit$$00000000)
    __rt_lib_init_alloca_1                   0x0800013f   Thumb Code     0  libinit2.o(.ARM.Collect$$libinit$$00000030)
    __rt_lib_init_argv_1                     0x0800013f   Thumb Code     0  libinit2.o(.ARM.Collect$$libinit$$0000002E)
    __rt_lib_init_atexit_1                   0x0800013f   Thumb Code     0  libinit2.o(.ARM.Collect$$libinit$$0000001D)
    __rt_lib_init_clock_1                    0x0800013f   Thumb Code     0  libinit2.o(.ARM.Collect$$libinit$$00000023)
    __rt_lib_init_cpp_1                      0x0800013f   Thumb Code     0  libinit2.o(.ARM.Collect$$libinit$$00000034)
    __rt_lib_init_exceptions_1               0x0800013f   Thumb Code     0  libinit2.o(.ARM.Collect$$libinit$$00000032)
    __rt_lib_init_fp_1                       0x0800013f   Thumb Code     0  libinit2.o(.ARM.Collect$$libinit$$00000002)
    __rt_lib_init_fp_trap_1                  0x0800013f   Thumb Code     0  libinit2.o(.ARM.Collect$$libinit$$00000021)
    __rt_lib_init_getenv_1                   0x0800013f   Thumb Code     0  libinit2.o(.ARM.Collect$$libinit$$00000025)
    __rt_lib_init_heap_1                     0x0800013f   Thumb Code     0  libinit2.o(.ARM.Collect$$libinit$$0000000C)
    __rt_lib_init_lc_collate_1               0x0800013f   Thumb Code     0  libinit2.o(.ARM.Collect$$libinit$$00000013)
    __rt_lib_init_lc_ctype_1                 0x0800013f   Thumb Code     0  libinit2.o(.ARM.Collect$$libinit$$00000015)
    __rt_lib_init_lc_monetary_1              0x0800013f   Thumb Code     0  libinit2.o(.ARM.Collect$$libinit$$00000017)
    __rt_lib_init_lc_numeric_1               0x0800013f   Thumb Code     0  libinit2.o(.ARM.Collect$$libinit$$00000019)
    __rt_lib_init_lc_time_1                  0x0800013f   Thumb Code     0  libinit2.o(.ARM.Collect$$libinit$$0000001B)
    __rt_lib_init_preinit_1                  0x0800013f   Thumb Code     0  libinit2.o(.ARM.Collect$$libinit$$00000006)
    __rt_lib_init_rand_1                     0x0800013f   Thumb Code     0  libinit2.o(.ARM.Collect$$libinit$$00000010)
    __rt_lib_init_relocate_pie_1             0x0800013f   Thumb Code     0  libinit2.o(.ARM.Collect$$libinit$$00000004)
    __rt_lib_init_return                     0x0800013f   Thumb Code     0  libinit2.o(.ARM.Collect$$libinit$$00000035)
    __rt_lib_init_signal_1                   0x0800013f   Thumb Code     0  libinit2.o(.ARM.Collect$$libinit$$0000001F)
    __rt_lib_init_stdio_1                    0x0800013f   Thumb Code     0  libinit2.o(.ARM.Collect$$libinit$$00000027)
    __rt_lib_init_user_alloc_1               0x0800013f   Thumb Code     0  libinit2.o(.ARM.Collect$$libinit$$0000000E)
    __rt_lib_shutdown                        0x08000141   Thumb Code     0  libshutdown.o(.ARM.Collect$$libshutdown$$00000000)
    __rt_lib_shutdown_cpp_1                  0x08000143   Thumb Code     0  libshutdown2.o(.ARM.Collect$$libshutdown$$00000002)
    __rt_lib_shutdown_fp_trap_1              0x08000143   Thumb Code     0  libshutdown2.o(.ARM.Collect$$libshutdown$$00000007)
    __rt_lib_shutdown_heap_1                 0x08000143   Thumb Code     0  libshutdown2.o(.ARM.Collect$$libshutdown$$0000000F)
    __rt_lib_shutdown_return                 0x08000143   Thumb Code     0  libshutdown2.o(.ARM.Collect$$libshutdown$$00000010)
    __rt_lib_shutdown_signal_1               0x08000143   Thumb Code     0  libshutdown2.o(.ARM.Collect$$libshutdown$$0000000A)
    __rt_lib_shutdown_stdio_1                0x08000143   Thumb Code     0  libshutdown2.o(.ARM.Collect$$libshutdown$$00000004)
    __rt_lib_shutdown_user_alloc_1           0x08000143   Thumb Code     0  libshutdown2.o(.ARM.Collect$$libshutdown$$0000000C)
    __rt_entry                               0x08000145   Thumb Code     0  __rtentry.o(.ARM.Collect$$rtentry$$00000000)
    __rt_entry_presh_1                       0x08000145   Thumb Code     0  __rtentry2.o(.ARM.Collect$$rtentry$$00000002)
    __rt_entry_sh                            0x08000145   Thumb Code     0  __rtentry4.o(.ARM.Collect$$rtentry$$00000004)
    __rt_entry_li                            0x0800014b   Thumb Code     0  __rtentry2.o(.ARM.Collect$$rtentry$$0000000A)
    __rt_entry_postsh_1                      0x0800014b   Thumb Code     0  __rtentry2.o(.ARM.Collect$$rtentry$$00000009)
    __rt_entry_main                          0x0800014f   Thumb Code     0  __rtentry2.o(.ARM.Collect$$rtentry$$0000000D)
    __rt_entry_postli_1                      0x0800014f   Thumb Code     0  __rtentry2.o(.ARM.Collect$$rtentry$$0000000C)
    __rt_exit                                0x08000157   Thumb Code     0  rtexit.o(.ARM.Collect$$rtexit$$00000000)
    __rt_exit_ls                             0x08000159   Thumb Code     0  rtexit2.o(.ARM.Collect$$rtexit$$00000003)
    __rt_exit_prels_1                        0x08000159   Thumb Code     0  rtexit2.o(.ARM.Collect$$rtexit$$00000002)
    __rt_exit_exit                           0x0800015d   Thumb Code     0  rtexit2.o(.ARM.Collect$$rtexit$$00000004)
    Reset_Handler                            0x08000165   Thumb Code     8  startup_stm32l073xx.o(.text)
    ADC1_COMP_IRQHandler                     0x08000177   Thumb Code     0  startup_stm32l073xx.o(.text)
    DMA1_Channel1_IRQHandler                 0x08000177   Thumb Code     0  startup_stm32l073xx.o(.text)
    DMA1_Channel2_3_IRQHandler               0x08000177   Thumb Code     0  startup_stm32l073xx.o(.text)
    DMA1_Channel4_5_6_7_IRQHandler           0x08000177   Thumb Code     0  startup_stm32l073xx.o(.text)
    EXTI0_1_IRQHandler                       0x08000177   Thumb Code     0  startup_stm32l073xx.o(.text)
    EXTI2_3_IRQHandler                       0x08000177   Thumb Code     0  startup_stm32l073xx.o(.text)
    EXTI4_15_IRQHandler                      0x08000177   Thumb Code     0  startup_stm32l073xx.o(.text)
    FLASH_IRQHandler                         0x08000177   Thumb Code     0  startup_stm32l073xx.o(.text)
    I2C1_IRQHandler                          0x08000177   Thumb Code     0  startup_stm32l073xx.o(.text)
    I2C2_IRQHandler                          0x08000177   Thumb Code     0  startup_stm32l073xx.o(.text)
    I2C3_IRQHandler                          0x08000177   Thumb Code     0  startup_stm32l073xx.o(.text)
    LCD_IRQHandler                           0x08000177   Thumb Code     0  startup_stm32l073xx.o(.text)
    LPTIM1_IRQHandler                        0x08000177   Thumb Code     0  startup_stm32l073xx.o(.text)
    PVD_IRQHandler                           0x08000177   Thumb Code     0  startup_stm32l073xx.o(.text)
    RCC_CRS_IRQHandler                       0x08000177   Thumb Code     0  startup_stm32l073xx.o(.text)
    RNG_LPUART1_IRQHandler                   0x08000177   Thumb Code     0  startup_stm32l073xx.o(.text)
    RTC_IRQHandler                           0x08000177   Thumb Code     0  startup_stm32l073xx.o(.text)
    SPI1_IRQHandler                          0x08000177   Thumb Code     0  startup_stm32l073xx.o(.text)
    SPI2_IRQHandler                          0x08000177   Thumb Code     0  startup_stm32l073xx.o(.text)
    TIM21_IRQHandler                         0x08000177   Thumb Code     0  startup_stm32l073xx.o(.text)
    TIM22_IRQHandler                         0x08000177   Thumb Code     0  startup_stm32l073xx.o(.text)
    TIM3_IRQHandler                          0x08000177   Thumb Code     0  startup_stm32l073xx.o(.text)
    TIM6_DAC_IRQHandler                      0x08000177   Thumb Code     0  startup_stm32l073xx.o(.text)
    TIM7_IRQHandler                          0x08000177   Thumb Code     0  startup_stm32l073xx.o(.text)
    TSC_IRQHandler                           0x08000177   Thumb Code     0  startup_stm32l073xx.o(.text)
    USART1_IRQHandler                        0x08000177   Thumb Code     0  startup_stm32l073xx.o(.text)
    USART2_IRQHandler                        0x08000177   Thumb Code     0  startup_stm32l073xx.o(.text)
    USART4_5_IRQHandler                      0x08000177   Thumb Code     0  startup_stm32l073xx.o(.text)
    USB_IRQHandler                           0x08000177   Thumb Code     0  startup_stm32l073xx.o(.text)
    WWDG_IRQHandler                          0x08000177   Thumb Code     0  startup_stm32l073xx.o(.text)
    __user_initial_stackheap                 0x08000179   Thumb Code     0  startup_stm32l073xx.o(.text)
    __aeabi_lmul                             0x0800019d   Thumb Code    48  llmul.o(.text)
    _ll_mul                                  0x0800019d   Thumb Code     0  llmul.o(.text)
    __aeabi_uldivmod                         0x080001cd   Thumb Code   272  lludiv.o(.text)
    _ll_udiv                                 0x080001cd   Thumb Code     0  lludiv.o(.text)
    _memset_w                                0x080002dd   Thumb Code    26  rt_memclr.o(.text)
    _memset                                  0x080002f7   Thumb Code    30  rt_memclr.o(.text)
    __aeabi_memclr                           0x08000315   Thumb Code     4  rt_memclr.o(.text)
    __rt_memclr                              0x08000315   Thumb Code     0  rt_memclr.o(.text)
    __aeabi_memclr4                          0x08000319   Thumb Code     0  rt_memclr.o(.text)
    __aeabi_memclr8                          0x08000319   Thumb Code     0  rt_memclr.o(.text)
    __rt_memclr_w                            0x08000319   Thumb Code     4  rt_memclr.o(.text)
    __aeabi_uidiv                            0x0800031d   Thumb Code     0  aeabi_sdiv.o(.text)
    __aeabi_uidivmod                         0x0800031d   Thumb Code    20  aeabi_sdiv.o(.text)
    __aeabi_idiv                             0x08000331   Thumb Code     0  aeabi_sdiv.o(.text)
    __aeabi_idivmod                          0x08000331   Thumb Code   338  aeabi_sdiv.o(.text)
    __use_two_region_memory                  0x08000489   Thumb Code     2  heapauxi.o(.text)
    __rt_heap_escrow$2region                 0x0800048b   Thumb Code     2  heapauxi.o(.text)
    __rt_heap_expand$2region                 0x0800048d   Thumb Code     2  heapauxi.o(.text)
    __aeabi_i2f_normalise                    0x0800048f   Thumb Code    72  fflti.o(.text)
    __aeabi_i2f                              0x080004d7   Thumb Code    16  fflti.o(.text)
    _fflt                                    0x080004d7   Thumb Code     0  fflti.o(.text)
    __aeabi_ui2f                             0x080004e7   Thumb Code     6  fflti.o(.text)
    _ffltu                                   0x080004e7   Thumb Code     0  fflti.o(.text)
    __fpl_fcmp_InfNaN                        0x080004ed   Thumb Code    96  fcmpin.o(.text)
    __user_setup_stackheap                   0x08000551   Thumb Code    62  sys_stackheap_outer.o(.text)
    exit                                     0x0800058f   Thumb Code    16  exit.o(.text)
    __fpl_cmpreturn                          0x0800059f   Thumb Code    46  cmpret.o(.text)
    __fpl_fcheck_NaN2                        0x080005cd   Thumb Code    10  fnan2.o(.text)
    __user_libspace                          0x080005dd   Thumb Code     8  libspace.o(.text)
    __user_perproc_libspace                  0x080005dd   Thumb Code     0  libspace.o(.text)
    __user_perthread_libspace                0x080005dd   Thumb Code     0  libspace.o(.text)
    __fpl_return_NaN                         0x080005e5   Thumb Code    94  retnan.o(.text)
    _sys_exit                                0x08000645   Thumb Code     8  sys_exit.o(.text)
    __I$use$semihosting                      0x08000651   Thumb Code     0  use_no_semi.o(.text)
    __use_no_semihosting_swi                 0x08000651   Thumb Code     2  use_no_semi.o(.text)
    Error_Handler                            0x08000653   Thumb Code    14  main.o(.text.Error_Handler)
    __semihosting_library_function           0x08000653   Thumb Code     0  indicate_semi.o(.text)
    HAL_GPIO_Init                            0x08000661   Thumb Code   744  stm32l0xx_hal_gpio.o(.text.HAL_GPIO_Init)
    HAL_GetTick                              0x08000975   Thumb Code     8  stm32l0xx_hal.o(.text.HAL_GetTick)
    HAL_I2CEx_ConfigAnalogFilter             0x0800097d   Thumb Code   150  stm32l0xx_hal_i2c_ex.o(.text.HAL_I2CEx_ConfigAnalogFilter)
    HAL_I2CEx_ConfigDigitalFilter            0x08000a13   Thumb Code   160  stm32l0xx_hal_i2c_ex.o(.text.HAL_I2CEx_ConfigDigitalFilter)
    HAL_I2C_Init                             0x08000ab5   Thumb Code   264  stm32l0xx_hal_i2c.o(.text.HAL_I2C_Init)
    HAL_I2C_MspInit                          0x08000bc1   Thumb Code   100  stm32l0xx_hal_msp.o(.text.HAL_I2C_MspInit)
    HAL_IncTick                              0x08000c31   Thumb Code    16  stm32l0xx_hal.o(.text.HAL_IncTick)
    HAL_Init                                 0x08000c45   Thumb Code    56  stm32l0xx_hal.o(.text.HAL_Init)
    HAL_InitTick                             0x08000c81   Thumb Code   100  stm32l0xx_hal.o(.text.HAL_InitTick)
    HAL_MspInit                              0x08000cf1   Thumb Code    24  stm32l0xx_hal_msp.o(.text.HAL_MspInit)
    HAL_NVIC_EnableIRQ                       0x08000d11   Thumb Code    22  stm32l0xx_hal_cortex.o(.text.HAL_NVIC_EnableIRQ)
    HAL_NVIC_SetPriority                     0x08000d27   Thumb Code    28  stm32l0xx_hal_cortex.o(.text.HAL_NVIC_SetPriority)
    HAL_RCCEx_PeriphCLKConfig                0x08000d45   Thumb Code   852  stm32l0xx_hal_rcc_ex.o(.text.HAL_RCCEx_PeriphCLKConfig)
    HAL_RCC_ClockConfig                      0x080010b1   Thumb Code   744  stm32l0xx_hal_rcc.o(.text.HAL_RCC_ClockConfig)
    HAL_RCC_GetHCLKFreq                      0x080013a9   Thumb Code     8  stm32l0xx_hal_rcc.o(.text.HAL_RCC_GetHCLKFreq)
    HAL_RCC_GetPCLK1Freq                     0x080013b5   Thumb Code    28  stm32l0xx_hal_rcc.o(.text.HAL_RCC_GetPCLK1Freq)
    HAL_RCC_GetPCLK2Freq                     0x080013d1   Thumb Code    28  stm32l0xx_hal_rcc.o(.text.HAL_RCC_GetPCLK2Freq)
    HAL_RCC_GetSysClockFreq                  0x080013f5   Thumb Code   288  stm32l0xx_hal_rcc.o(.text.HAL_RCC_GetSysClockFreq)
    HAL_RCC_OscConfig                        0x08001531   Thumb Code  2124  stm32l0xx_hal_rcc.o(.text.HAL_RCC_OscConfig)
    HAL_SYSTICK_Config                       0x08001da1   Thumb Code    16  stm32l0xx_hal_cortex.o(.text.HAL_SYSTICK_Config)
    HAL_TIMEx_MasterConfigSynchronization    0x08001db1   Thumb Code   204  stm32l0xx_hal_tim_ex.o(.text.HAL_TIMEx_MasterConfigSynchronization)
    HAL_TIM_Base_Init                        0x08001e7d   Thumb Code   128  stm32l0xx_hal_tim.o(.text.HAL_TIM_Base_Init)
    HAL_TIM_Base_MspInit                     0x08001efd   Thumb Code   116  stm32l0xx_hal_msp.o(.text.HAL_TIM_Base_MspInit)
    HAL_TIM_Base_Start_IT                    0x08001f79   Thumb Code   160  stm32l0xx_hal_tim.o(.text.HAL_TIM_Base_Start_IT)
    HAL_TIM_ConfigClockSource                0x08002025   Thumb Code   394  stm32l0xx_hal_tim.o(.text.HAL_TIM_ConfigClockSource)
    HAL_TIM_IC_CaptureCallback               0x080021b1   Thumb Code   148  main.o(.text.HAL_TIM_IC_CaptureCallback)
    HAL_TIM_IC_ConfigChannel                 0x08002265   Thumb Code   308  stm32l0xx_hal_tim.o(.text.HAL_TIM_IC_ConfigChannel)
    HAL_TIM_IC_Init                          0x08002399   Thumb Code   128  stm32l0xx_hal_tim.o(.text.HAL_TIM_IC_Init)
    HAL_TIM_IC_MspInit                       0x08002419   Thumb Code     8  stm32l0xx_hal_tim.o(.text.HAL_TIM_IC_MspInit)
    HAL_TIM_IC_Start_IT                      0x08002421   Thumb Code   472  stm32l0xx_hal_tim.o(.text.HAL_TIM_IC_Start_IT)
    HAL_TIM_IRQHandler                       0x08002605   Thumb Code   510  stm32l0xx_hal_tim.o(.text.HAL_TIM_IRQHandler)
    HAL_TIM_OC_DelayElapsedCallback          0x08002803   Thumb Code     8  stm32l0xx_hal_tim.o(.text.HAL_TIM_OC_DelayElapsedCallback)
    HAL_TIM_PWM_PulseFinishedCallback        0x0800280b   Thumb Code     8  stm32l0xx_hal_tim.o(.text.HAL_TIM_PWM_PulseFinishedCallback)
    HAL_TIM_PeriodElapsedCallback            0x08002815   Thumb Code    16  main.o(.text.HAL_TIM_PeriodElapsedCallback)
    HAL_TIM_TriggerCallback                  0x08002829   Thumb Code     8  stm32l0xx_hal_tim.o(.text.HAL_TIM_TriggerCallback)
    HAL_UART_Init                            0x08002831   Thumb Code   176  stm32l0xx_hal_uart.o(.text.HAL_UART_Init)
    HAL_UART_MspInit                         0x080028e1   Thumb Code   100  stm32l0xx_hal_msp.o(.text.HAL_UART_MspInit)
    HardFault_Handler                        0x08002949   Thumb Code     4  stm32l0xx_it.o(.text.HardFault_Handler)
    NMI_Handler                              0x08002af9   Thumb Code     4  stm32l0xx_it.o(.text.NMI_Handler)
    PendSV_Handler                           0x08002afd   Thumb Code     2  stm32l0xx_it.o(.text.PendSV_Handler)
    SVC_Handler                              0x08002aff   Thumb Code     2  stm32l0xx_it.o(.text.SVC_Handler)
    SysTick_Handler                          0x08002b51   Thumb Code     8  stm32l0xx_it.o(.text.SysTick_Handler)
    SystemClock_Config                       0x08002b59   Thumb Code   160  main.o(.text.SystemClock_Config)
    SystemInit                               0x08002bfd   Thumb Code     2  system_stm32l0xx.o(.text.SystemInit)
    TIM2_IRQHandler                          0x08002c01   Thumb Code    12  stm32l0xx_it.o(.text.TIM2_IRQHandler)
    UART_AdvFeatureConfig                    0x08003011   Thumb Code   346  stm32l0xx_hal_uart.o(.text.UART_AdvFeatureConfig)
    UART_CheckIdleState                      0x0800316d   Thumb Code   344  stm32l0xx_hal_uart.o(.text.UART_CheckIdleState)
    UART_SetConfig                           0x08003379   Thumb Code  1252  stm32l0xx_hal_uart.o(.text.UART_SetConfig)
    UART_WaitOnFlagUntilTimeout              0x0800387d   Thumb Code   248  stm32l0xx_hal_uart.o(.text.UART_WaitOnFlagUntilTimeout)
    main                                     0x08003a25   Thumb Code    56  main.o(.text.main)
    __aeabi_fcmpeq                           0x08003a61   Thumb Code     0  fcmp.o(i._feq)
    _feq                                     0x08003a61   Thumb Code    22  fcmp.o(i._feq)
    __aeabi_cfcmpeq                          0x08003a79   Thumb Code     0  feqf.o(x$fpl$feqf)
    _fcmpeq                                  0x08003a79   Thumb Code    78  feqf.o(x$fpl$feqf)
    AHBPrescTable                            0x08003acc   Data          16  system_stm32l0xx.o(.rodata.AHBPrescTable)
    __I$use$fp                               0x08003acc   Number         0  usenofp.o(x$fpl$usenofp)
    APBPrescTable                            0x08003adc   Data           8  system_stm32l0xx.o(.rodata.APBPrescTable)
    PLLMulTable                              0x08003ae4   Data           9  system_stm32l0xx.o(.rodata.PLLMulTable)
    Region$$Table$$Base                      0x08003af0   Number         0  anon$$obj.o(Region$$Table)
    Region$$Table$$Limit                     0x08003b10   Number         0  anon$$obj.o(Region$$Table)
    SystemCoreClock                          0x20000000   Data           4  system_stm32l0xx.o(.data.SystemCoreClock)
    uwTickFreq                               0x20000004   Data           1  stm32l0xx_hal.o(.data.uwTickFreq)
    uwTickPrio                               0x20000008   Data           4  stm32l0xx_hal.o(.data.uwTickPrio)
    __libspace_start                         0x20000010   Data          96  libspace.o(.bss)
    T1                                       0x20000070   Data           4  main.o(.bss.T1)
    __temporary_stack_top$libspace           0x20000070   Data           0  libspace.o(.bss)
    T2                                       0x20000074   Data           4  main.o(.bss.T2)
    TIM2_OVC                                 0x20000078   Data           2  main.o(.bss.TIM2_OVC)
    frequency                                0x2000007c   Data           4  main.o(.bss.frequency)
    hi2c1                                    0x20000080   Data          84  main.o(.bss.hi2c1)
    htim2                                    0x200000d4   Data          64  main.o(.bss.htim2)
    huart2                                   0x20000114   Data         136  main.o(.bss.huart2)
    state                                    0x2000019c   Data           1  main.o(.bss.state)
    ticks                                    0x200001a0   Data           4  main.o(.bss.ticks)
    uwTick                                   0x200001a4   Data           4  stm32l0xx_hal.o(.bss.uwTick)



==============================================================================

Memory Map of the image

  Image Entry point : 0x080000c1

  Load Region LR_IROM1 (Base: 0x08000000, Size: 0x00003b20, Max: 0x00030000, ABSOLUTE)

    Execution Region ER_IROM1 (Exec base: 0x08000000, Load base: 0x08000000, Size: 0x00003b10, Max: 0x00030000, ABSOLUTE)

    Exec Addr    Load Addr    Size         Type   Attr      Idx    E Section Name        Object

    0x08000000   0x08000000   0x000000c0   Data   RO            3    RESET               startup_stm32l073xx.o
    0x080000c0   0x080000c0   0x00000008   Code   RO         1197  * !!!main             c_p.l(__main.o)
    0x080000c8   0x080000c8   0x0000003c   Code   RO         1407    !!!scatter          c_p.l(__scatter.o)
    0x08000104   0x08000104   0x0000001a   Code   RO         1409    !!handler_copy      c_p.l(__scatter_copy.o)
    0x0800011e   0x0800011e   0x00000002   PAD
    0x08000120   0x08000120   0x0000001c   Code   RO         1411    !!handler_zi        c_p.l(__scatter_zi.o)
    0x0800013c   0x0800013c   0x00000002   Code   RO         1262    .ARM.Collect$$libinit$$00000000  c_p.l(libinit.o)
    0x0800013e   0x0800013e   0x00000000   Code   RO         1280    .ARM.Collect$$libinit$$00000002  c_p.l(libinit2.o)
    0x0800013e   0x0800013e   0x00000000   Code   RO         1282    .ARM.Collect$$libinit$$00000004  c_p.l(libinit2.o)
    0x0800013e   0x0800013e   0x00000000   Code   RO         1284    .ARM.Collect$$libinit$$00000006  c_p.l(libinit2.o)
    0x0800013e   0x0800013e   0x00000000   Code   RO         1287    .ARM.Collect$$libinit$$0000000C  c_p.l(libinit2.o)
    0x0800013e   0x0800013e   0x00000000   Code   RO         1289    .ARM.Collect$$libinit$$0000000E  c_p.l(libinit2.o)
    0x0800013e   0x0800013e   0x00000000   Code   RO         1291    .ARM.Collect$$libinit$$00000010  c_p.l(libinit2.o)
    0x0800013e   0x0800013e   0x00000000   Code   RO         1294    .ARM.Collect$$libinit$$00000013  c_p.l(libinit2.o)
    0x0800013e   0x0800013e   0x00000000   Code   RO         1296    .ARM.Collect$$libinit$$00000015  c_p.l(libinit2.o)
    0x0800013e   0x0800013e   0x00000000   Code   RO         1298    .ARM.Collect$$libinit$$00000017  c_p.l(libinit2.o)
    0x0800013e   0x0800013e   0x00000000   Code   RO         1300    .ARM.Collect$$libinit$$00000019  c_p.l(libinit2.o)
    0x0800013e   0x0800013e   0x00000000   Code   RO         1302    .ARM.Collect$$libinit$$0000001B  c_p.l(libinit2.o)
    0x0800013e   0x0800013e   0x00000000   Code   RO         1304    .ARM.Collect$$libinit$$0000001D  c_p.l(libinit2.o)
    0x0800013e   0x0800013e   0x00000000   Code   RO         1306    .ARM.Collect$$libinit$$0000001F  c_p.l(libinit2.o)
    0x0800013e   0x0800013e   0x00000000   Code   RO         1308    .ARM.Collect$$libinit$$00000021  c_p.l(libinit2.o)
    0x0800013e   0x0800013e   0x00000000   Code   RO         1310    .ARM.Collect$$libinit$$00000023  c_p.l(libinit2.o)
    0x0800013e   0x0800013e   0x00000000   Code   RO         1312    .ARM.Collect$$libinit$$00000025  c_p.l(libinit2.o)
    0x0800013e   0x0800013e   0x00000000   Code   RO         1314    .ARM.Collect$$libinit$$00000027  c_p.l(libinit2.o)
    0x0800013e   0x0800013e   0x00000000   Code   RO         1318    .ARM.Collect$$libinit$$0000002E  c_p.l(libinit2.o)
    0x0800013e   0x0800013e   0x00000000   Code   RO         1320    .ARM.Collect$$libinit$$00000030  c_p.l(libinit2.o)
    0x0800013e   0x0800013e   0x00000000   Code   RO         1322    .ARM.Collect$$libinit$$00000032  c_p.l(libinit2.o)
    0x0800013e   0x0800013e   0x00000000   Code   RO         1324    .ARM.Collect$$libinit$$00000034  c_p.l(libinit2.o)
    0x0800013e   0x0800013e   0x00000002   Code   RO         1325    .ARM.Collect$$libinit$$00000035  c_p.l(libinit2.o)
    0x08000140   0x08000140   0x00000002   Code   RO         1362    .ARM.Collect$$libshutdown$$00000000  c_p.l(libshutdown.o)
    0x08000142   0x08000142   0x00000000   Code   RO         1390    .ARM.Collect$$libshutdown$$00000002  c_p.l(libshutdown2.o)
    0x08000142   0x08000142   0x00000000   Code   RO         1392    .ARM.Collect$$libshutdown$$00000004  c_p.l(libshutdown2.o)
    0x08000142   0x08000142   0x00000000   Code   RO         1395    .ARM.Collect$$libshutdown$$00000007  c_p.l(libshutdown2.o)
    0x08000142   0x08000142   0x00000000   Code   RO         1398    .ARM.Collect$$libshutdown$$0000000A  c_p.l(libshutdown2.o)
    0x08000142   0x08000142   0x00000000   Code   RO         1400    .ARM.Collect$$libshutdown$$0000000C  c_p.l(libshutdown2.o)
    0x08000142   0x08000142   0x00000000   Code   RO         1403    .ARM.Collect$$libshutdown$$0000000F  c_p.l(libshutdown2.o)
    0x08000142   0x08000142   0x00000002   Code   RO         1404    .ARM.Collect$$libshutdown$$00000010  c_p.l(libshutdown2.o)
    0x08000144   0x08000144   0x00000000   Code   RO         1213    .ARM.Collect$$rtentry$$00000000  c_p.l(__rtentry.o)
    0x08000144   0x08000144   0x00000000   Code   RO         1230    .ARM.Collect$$rtentry$$00000002  c_p.l(__rtentry2.o)
    0x08000144   0x08000144   0x00000006   Code   RO         1242    .ARM.Collect$$rtentry$$00000004  c_p.l(__rtentry4.o)
    0x0800014a   0x0800014a   0x00000000   Code   RO         1232    .ARM.Collect$$rtentry$$00000009  c_p.l(__rtentry2.o)
    0x0800014a   0x0800014a   0x00000004   Code   RO         1233    .ARM.Collect$$rtentry$$0000000A  c_p.l(__rtentry2.o)
    0x0800014e   0x0800014e   0x00000000   Code   RO         1235    .ARM.Collect$$rtentry$$0000000C  c_p.l(__rtentry2.o)
    0x0800014e   0x0800014e   0x00000008   Code   RO         1236    .ARM.Collect$$rtentry$$0000000D  c_p.l(__rtentry2.o)
    0x08000156   0x08000156   0x00000002   Code   RO         1271    .ARM.Collect$$rtexit$$00000000  c_p.l(rtexit.o)
    0x08000158   0x08000158   0x00000000   Code   RO         1333    .ARM.Collect$$rtexit$$00000002  c_p.l(rtexit2.o)
    0x08000158   0x08000158   0x00000004   Code   RO         1334    .ARM.Collect$$rtexit$$00000003  c_p.l(rtexit2.o)
    0x0800015c   0x0800015c   0x00000006   Code   RO         1335    .ARM.Collect$$rtexit$$00000004  c_p.l(rtexit2.o)
    0x08000162   0x08000162   0x00000002   PAD
    0x08000164   0x08000164   0x00000038   Code   RO            4    .text               startup_stm32l073xx.o
    0x0800019c   0x0800019c   0x00000030   Code   RO         1185    .text               c_p.l(llmul.o)
    0x080001cc   0x080001cc   0x00000110   Code   RO         1187    .text               c_p.l(lludiv.o)
    0x080002dc   0x080002dc   0x00000040   Code   RO         1189    .text               c_p.l(rt_memclr.o)
    0x0800031c   0x0800031c   0x0000016c   Code   RO         1191    .text               c_p.l(aeabi_sdiv.o)
    0x08000488   0x08000488   0x00000006   Code   RO         1195    .text               c_p.l(heapauxi.o)
    0x0800048e   0x0800048e   0x0000005e   Code   RO         1211    .text               fz_ps.l(fflti.o)
    0x080004ec   0x080004ec   0x00000064   Code   RO         1246    .text               fz_ps.l(fcmpin.o)
    0x08000550   0x08000550   0x0000003e   Code   RO         1248    .text               c_p.l(sys_stackheap_outer.o)
    0x0800058e   0x0800058e   0x00000010   Code   RO         1251    .text               c_p.l(exit.o)
    0x0800059e   0x0800059e   0x0000002e   Code   RO         1263    .text               fz_ps.l(cmpret.o)
    0x080005cc   0x080005cc   0x00000010   Code   RO         1265    .text               fz_ps.l(fnan2.o)
    0x080005dc   0x080005dc   0x00000008   Code   RO         1267    .text               c_p.l(libspace.o)
    0x080005e4   0x080005e4   0x0000005e   Code   RO         1326    .text               fz_ps.l(retnan.o)
    0x08000642   0x08000642   0x00000002   PAD
    0x08000644   0x08000644   0x0000000c   Code   RO         1328    .text               c_p.l(sys_exit.o)
    0x08000650   0x08000650   0x00000002   Code   RO         1351    .text               c_p.l(use_no_semi.o)
    0x08000652   0x08000652   0x00000000   Code   RO         1353    .text               c_p.l(indicate_semi.o)
    0x08000652   0x08000652   0x0000000e   Code   RO           23    .text.Error_Handler  main.o
    0x08000660   0x08000660   0x00000314   Code   RO          543    .text.HAL_GPIO_Init  stm32l0xx_hal_gpio.o
    0x08000974   0x08000974   0x00000008   Code   RO          287    .text.HAL_GetTick   stm32l0xx_hal.o
    0x0800097c   0x0800097c   0x00000096   Code   RO          256    .text.HAL_I2CEx_ConfigAnalogFilter  stm32l0xx_hal_i2c_ex.o
    0x08000a12   0x08000a12   0x000000a0   Code   RO          258    .text.HAL_I2CEx_ConfigDigitalFilter  stm32l0xx_hal_i2c_ex.o
    0x08000ab2   0x08000ab2   0x00000002   PAD
    0x08000ab4   0x08000ab4   0x0000010c   Code   RO           87    .text.HAL_I2C_Init  stm32l0xx_hal_i2c.o
    0x08000bc0   0x08000bc0   0x00000070   Code   RO           68    .text.HAL_I2C_MspInit  stm32l0xx_hal_msp.o
    0x08000c30   0x08000c30   0x00000014   Code   RO          285    .text.HAL_IncTick   stm32l0xx_hal.o
    0x08000c44   0x08000c44   0x0000003c   Code   RO          275    .text.HAL_Init      stm32l0xx_hal.o
    0x08000c80   0x08000c80   0x00000070   Code   RO          277    .text.HAL_InitTick  stm32l0xx_hal.o
    0x08000cf0   0x08000cf0   0x00000020   Code   RO           66    .text.HAL_MspInit   stm32l0xx_hal_msp.o
    0x08000d10   0x08000d10   0x00000016   Code   RO          665    .text.HAL_NVIC_EnableIRQ  stm32l0xx_hal_cortex.o
    0x08000d26   0x08000d26   0x0000001c   Code   RO          661    .text.HAL_NVIC_SetPriority  stm32l0xx_hal_cortex.o
    0x08000d42   0x08000d42   0x00000002   PAD
    0x08000d44   0x08000d44   0x0000036c   Code   RO          380    .text.HAL_RCCEx_PeriphCLKConfig  stm32l0xx_hal_rcc_ex.o
    0x080010b0   0x080010b0   0x000002f8   Code   RO          353    .text.HAL_RCC_ClockConfig  stm32l0xx_hal_rcc.o
    0x080013a8   0x080013a8   0x0000000c   Code   RO          359    .text.HAL_RCC_GetHCLKFreq  stm32l0xx_hal_rcc.o
    0x080013b4   0x080013b4   0x0000001c   Code   RO          361    .text.HAL_RCC_GetPCLK1Freq  stm32l0xx_hal_rcc.o
    0x080013d0   0x080013d0   0x00000024   Code   RO          363    .text.HAL_RCC_GetPCLK2Freq  stm32l0xx_hal_rcc.o
    0x080013f4   0x080013f4   0x0000013c   Code   RO          351    .text.HAL_RCC_GetSysClockFreq  stm32l0xx_hal_rcc.o
    0x08001530   0x08001530   0x00000870   Code   RO          349    .text.HAL_RCC_OscConfig  stm32l0xx_hal_rcc.o
    0x08001da0   0x08001da0   0x00000010   Code   RO          677    .text.HAL_SYSTICK_Config  stm32l0xx_hal_cortex.o
    0x08001db0   0x08001db0   0x000000cc   Code   RO          986    .text.HAL_TIMEx_MasterConfigSynchronization  stm32l0xx_hal_tim_ex.o
    0x08001e7c   0x08001e7c   0x00000080   Code   RO          741    .text.HAL_TIM_Base_Init  stm32l0xx_hal_tim.o
    0x08001efc   0x08001efc   0x0000007c   Code   RO           72    .text.HAL_TIM_Base_MspInit  stm32l0xx_hal_msp.o
    0x08001f78   0x08001f78   0x000000ac   Code   RO          755    .text.HAL_TIM_Base_Start_IT  stm32l0xx_hal_tim.o
    0x08002024   0x08002024   0x0000018a   Code   RO          933    .text.HAL_TIM_ConfigClockSource  stm32l0xx_hal_tim.o
    0x080021ae   0x080021ae   0x00000002   PAD
    0x080021b0   0x080021b0   0x000000b4   Code   RO           25    .text.HAL_TIM_IC_CaptureCallback  main.o
    0x08002264   0x08002264   0x00000134   Code   RO          897    .text.HAL_TIM_IC_ConfigChannel  stm32l0xx_hal_tim.o
    0x08002398   0x08002398   0x00000080   Code   RO          815    .text.HAL_TIM_IC_Init  stm32l0xx_hal_tim.o
    0x08002418   0x08002418   0x00000008   Code   RO          817    .text.HAL_TIM_IC_MspInit  stm32l0xx_hal_tim.o
    0x08002420   0x08002420   0x000001e4   Code   RO          827    .text.HAL_TIM_IC_Start_IT  stm32l0xx_hal_tim.o
    0x08002604   0x08002604   0x000001fe   Code   RO          875    .text.HAL_TIM_IRQHandler  stm32l0xx_hal_tim.o
    0x08002802   0x08002802   0x00000008   Code   RO          879    .text.HAL_TIM_OC_DelayElapsedCallback  stm32l0xx_hal_tim.o
    0x0800280a   0x0800280a   0x00000008   Code   RO          881    .text.HAL_TIM_PWM_PulseFinishedCallback  stm32l0xx_hal_tim.o
    0x08002812   0x08002812   0x00000002   PAD
    0x08002814   0x08002814   0x00000014   Code   RO           27    .text.HAL_TIM_PeriodElapsedCallback  main.o
    0x08002828   0x08002828   0x00000008   Code   RO          885    .text.HAL_TIM_TriggerCallback  stm32l0xx_hal_tim.o
    0x08002830   0x08002830   0x000000b0   Code   RO          997    .text.HAL_UART_Init  stm32l0xx_hal_uart.o
    0x080028e0   0x080028e0   0x00000068   Code   RO           76    .text.HAL_UART_MspInit  stm32l0xx_hal_msp.o
    0x08002948   0x08002948   0x00000004   Code   RO           49    .text.HardFault_Handler  stm32l0xx_it.o
    0x0800294c   0x0800294c   0x0000004c   Code   RO           15    .text.MX_GPIO_Init  main.o
    0x08002998   0x08002998   0x0000006c   Code   RO           21    .text.MX_I2C1_Init  main.o
    0x08002a04   0x08002a04   0x000000b0   Code   RO           17    .text.MX_TIM2_Init  main.o
    0x08002ab4   0x08002ab4   0x00000044   Code   RO           19    .text.MX_USART2_UART_Init  main.o
    0x08002af8   0x08002af8   0x00000004   Code   RO           47    .text.NMI_Handler   stm32l0xx_it.o
    0x08002afc   0x08002afc   0x00000002   Code   RO           53    .text.PendSV_Handler  stm32l0xx_it.o
    0x08002afe   0x08002afe   0x00000002   Code   RO           51    .text.SVC_Handler   stm32l0xx_it.o
    0x08002b00   0x08002b00   0x00000050   Code   RO          679    .text.SysTick_Config  stm32l0xx_hal_cortex.o
    0x08002b50   0x08002b50   0x00000008   Code   RO           55    .text.SysTick_Handler  stm32l0xx_it.o
    0x08002b58   0x08002b58   0x000000a4   Code   RO           13    .text.SystemClock_Config  main.o
    0x08002bfc   0x08002bfc   0x00000002   Code   RO         1169    .text.SystemInit    system_stm32l0xx.o
    0x08002bfe   0x08002bfe   0x00000002   PAD
    0x08002c00   0x08002c00   0x00000010   Code   RO           57    .text.TIM2_IRQHandler  stm32l0xx_it.o
    0x08002c10   0x08002c10   0x000000bc   Code   RO          745    .text.TIM_Base_SetConfig  stm32l0xx_hal_tim.o
    0x08002ccc   0x08002ccc   0x00000032   Code   RO          779    .text.TIM_CCxChannelCmd  stm32l0xx_hal_tim.o
    0x08002cfe   0x08002cfe   0x00000036   Code   RO          931    .text.TIM_ETR_SetConfig  stm32l0xx_hal_tim.o
    0x08002d34   0x08002d34   0x0000002a   Code   RO          937    .text.TIM_ITRx_SetConfig  stm32l0xx_hal_tim.o
    0x08002d5e   0x08002d5e   0x00000050   Code   RO          935    .text.TIM_TI1_ConfigInputStage  stm32l0xx_hal_tim.o
    0x08002dae   0x08002dae   0x00000002   PAD
    0x08002db0   0x08002db0   0x000000c0   Code   RO          899    .text.TIM_TI1_SetConfig  stm32l0xx_hal_tim.o
    0x08002e70   0x08002e70   0x00000054   Code   RO          939    .text.TIM_TI2_ConfigInputStage  stm32l0xx_hal_tim.o
    0x08002ec4   0x08002ec4   0x0000006e   Code   RO          901    .text.TIM_TI2_SetConfig  stm32l0xx_hal_tim.o
    0x08002f32   0x08002f32   0x0000006c   Code   RO          903    .text.TIM_TI3_SetConfig  stm32l0xx_hal_tim.o
    0x08002f9e   0x08002f9e   0x00000072   Code   RO          905    .text.TIM_TI4_SetConfig  stm32l0xx_hal_tim.o
    0x08003010   0x08003010   0x0000015a   Code   RO         1003    .text.UART_AdvFeatureConfig  stm32l0xx_hal_uart.o
    0x0800316a   0x0800316a   0x00000002   PAD
    0x0800316c   0x0800316c   0x0000015c   Code   RO         1005    .text.UART_CheckIdleState  stm32l0xx_hal_uart.o
    0x080032c8   0x080032c8   0x000000b0   Code   RO         1053    .text.UART_EndRxTransfer  stm32l0xx_hal_uart.o
    0x08003378   0x08003378   0x00000504   Code   RO         1001    .text.UART_SetConfig  stm32l0xx_hal_uart.o
    0x0800387c   0x0800387c   0x000000f8   Code   RO         1019    .text.UART_WaitOnFlagUntilTimeout  stm32l0xx_hal_uart.o
    0x08003974   0x08003974   0x0000002c   Code   RO          667    .text.__NVIC_EnableIRQ  stm32l0xx_hal_cortex.o
    0x080039a0   0x080039a0   0x00000084   Code   RO          663    .text.__NVIC_SetPriority  stm32l0xx_hal_cortex.o
    0x08003a24   0x08003a24   0x0000003c   Code   RO           11    .text.main          main.o
    0x08003a60   0x08003a60   0x00000016   Code   RO         1199    i._feq              fz_ps.l(fcmp.o)
    0x08003a76   0x08003a76   0x00000002   PAD
    0x08003a78   0x08003a78   0x00000054   Code   RO         1222    x$fpl$feqf          fz_ps.l(feqf.o)
    0x08003acc   0x08003acc   0x00000000   Code   RO         1228    x$fpl$usenofp       fz_ps.l(usenofp.o)
    0x08003acc   0x08003acc   0x00000010   Data   RO         1174    .rodata.AHBPrescTable  system_stm32l0xx.o
    0x08003adc   0x08003adc   0x00000008   Data   RO         1175    .rodata.APBPrescTable  system_stm32l0xx.o
    0x08003ae4   0x08003ae4   0x00000009   Data   RO         1176    .rodata.PLLMulTable  system_stm32l0xx.o
    0x08003aed   0x08003aed   0x00000003   PAD
    0x08003af0   0x08003af0   0x00000020   Data   RO         1406    Region$$Table       anon$$obj.o


    Execution Region RW_IRAM1 (Exec base: 0x20000000, Load base: 0x08003b10, Size: 0x000007a8, Max: 0x00005000, ABSOLUTE)

    Exec Addr    Load Addr    Size         Type   Attr      Idx    E Section Name        Object

    0x20000000   0x08003b10   0x00000004   Data   RW         1173    .data.SystemCoreClock  system_stm32l0xx.o
    0x20000004   0x08003b14   0x00000001   Data   RW          338    .data.uwTickFreq    stm32l0xx_hal.o
    0x20000005   0x08003b15   0x00000003   PAD
    0x20000008   0x08003b18   0x00000004   Data   RW          337    .data.uwTickPrio    stm32l0xx_hal.o
    0x2000000c   0x08003b1c   0x00000004   PAD
    0x20000010        -       0x00000060   Zero   RW         1268    .bss                c_p.l(libspace.o)
    0x20000070        -       0x00000004   Zero   RW           31    .bss.T1             main.o
    0x20000074        -       0x00000004   Zero   RW           32    .bss.T2             main.o
    0x20000078        -       0x00000002   Zero   RW           34    .bss.TIM2_OVC       main.o
    0x2000007a   0x08003b1c   0x00000002   PAD
    0x2000007c        -       0x00000004   Zero   RW           35    .bss.frequency      main.o
    0x20000080        -       0x00000054   Zero   RW           37    .bss.hi2c1          main.o
    0x200000d4        -       0x00000040   Zero   RW           36    .bss.htim2          main.o
    0x20000114        -       0x00000088   Zero   RW           38    .bss.huart2         main.o
    0x2000019c        -       0x00000001   Zero   RW           29    .bss.state          main.o
    0x2000019d   0x08003b1c   0x00000003   PAD
    0x200001a0        -       0x00000004   Zero   RW           33    .bss.ticks          main.o
    0x200001a4        -       0x00000004   Zero   RW          339    .bss.uwTick         stm32l0xx_hal.o
    0x200001a8        -       0x00000200   Zero   RW            2    HEAP                startup_stm32l073xx.o
    0x200003a8        -       0x00000400   Zero   RW            1    STACK               startup_stm32l073xx.o


==============================================================================

Image component sizes


      Code (inc. data)   RO Data    RW Data    ZI Data      Debug   Object Name

       866         72          0          0        303      10238   main.o
        56         26        192          0       1536        656   startup_stm32l073xx.o
       200         20          0          5          4       6667   stm32l0xx_hal.o
       322         24          0          0          0       6223   stm32l0xx_hal_cortex.o
       788         44          0          0          0       4745   stm32l0xx_hal_gpio.o
       268          4          0          0          0      36847   stm32l0xx_hal_i2c.o
       310          0          0          0          0       5346   stm32l0xx_hal_i2c_ex.o
       372         32          0          0          0       9038   stm32l0xx_hal_msp.o
      3312        172          0          0          0       8922   stm32l0xx_hal_rcc.o
       876         24          0          0          0       7983   stm32l0xx_hal_rcc_ex.o
      3178         92          0          0          0      34832   stm32l0xx_hal_tim.o
       204          0          0          0          0       4180   stm32l0xx_hal_tim_ex.o
      2578        228          0          0          0      34954   stm32l0xx_hal_uart.o
        36          4          0          0          0        829   stm32l0xx_it.o
         2          0         33          4          0       1946   system_stm32l0xx.o

    ----------------------------------------------------------------------
     13382        742        260         12       1852     173406   Object Totals
         0          0         32          0          0          0   (incl. Generated)
        14          0          3          3          9          0   (incl. Padding)

    ----------------------------------------------------------------------

      Code (inc. data)   RO Data    RW Data    ZI Data      Debug   Library Member Name

         8          0          0          0          0         68   __main.o
         0          0          0          0          0          0   __rtentry.o
        12          0          0          0          0          0   __rtentry2.o
         6          0          0          0          0          0   __rtentry4.o
        60          8          0          0          0          0   __scatter.o
        26          0          0          0          0          0   __scatter_copy.o
        28          0          0          0          0          0   __scatter_zi.o
       364          4          0          0          0         92   aeabi_sdiv.o
        16          0          0          0          0         68   exit.o
         6          0          0          0          0        136   heapauxi.o
         0          0          0          0          0          0   indicate_semi.o
         2          0          0          0          0          0   libinit.o
         2          0          0          0          0          0   libinit2.o
         2          0          0          0          0          0   libshutdown.o
         2          0          0          0          0          0   libshutdown2.o
         8          4          0          0         96         68   libspace.o
        48          0          0          0          0         72   llmul.o
       272          0          0          0          0         88   lludiv.o
        64          0          0          0          0        108   rt_memclr.o
         2          0          0          0          0          0   rtexit.o
        10          0          0          0          0          0   rtexit2.o
        12          4          0          0          0         60   sys_exit.o
        62          0          0          0          0         80   sys_stackheap_outer.o
         2          0          0          0          0         68   use_no_semi.o
        46          0          0          0          0         60   cmpret.o
        22          0          0          0          0         68   fcmp.o
       100          4          0          0          0         68   fcmpin.o
        84          4          0          0          0         76   feqf.o
        94          0          0          0          0         92   fflti.o
        16          6          0          0          0         68   fnan2.o
        94          0          0          0          0         68   retnan.o
         0          0          0          0          0          0   usenofp.o

    ----------------------------------------------------------------------
      1478         34          0          0         96       1408   Library Totals
         8          0          0          0          0          0   (incl. Padding)

    ----------------------------------------------------------------------

      Code (inc. data)   RO Data    RW Data    ZI Data      Debug   Library Name

      1014         20          0          0         96        908   c_p.l
       456         14          0          0          0        500   fz_ps.l

    ----------------------------------------------------------------------
      1478         34          0          0         96       1408   Library Totals

    ----------------------------------------------------------------------

==============================================================================


      Code (inc. data)   RO Data    RW Data    ZI Data      Debug   

     14860        776        260         12       1948     173962   Grand Totals
     14860        776        260         12       1948     173962   ELF Image Totals
     14860        776        260         12          0          0   ROM Totals

==============================================================================

    Total RO  Size (Code + RO Data)                15120 (  14.77kB)
    Total RW  Size (RW Data + ZI Data)              1960 (   1.91kB)
    Total ROM Size (Code + RO Data + RW Data)      15132 (  14.78kB)

==============================================================================

